Archive member included to satisfy reference by file (symbol)

/usr/local/Caskroom/gcc-arm-embedded/10-2020-q4-major/gcc-arm-none-eabi-10-2020-q4-major/bin/../lib/gcc/arm-none-eabi/10.2.1/thumb/v6-m/nofp/libgcc.a(_udivsi3.o)
                              CMakeFiles/STM32L010_CLion.elf.dir/Core/Src/system_stm32l0xx.c.obj (__aeabi_uidiv)
/usr/local/Caskroom/gcc-arm-embedded/10-2020-q4-major/gcc-arm-none-eabi-10-2020-q4-major/bin/../lib/gcc/arm-none-eabi/10.2.1/thumb/v6-m/nofp/libgcc.a(_dvmd_tls.o)
                              /usr/local/Caskroom/gcc-arm-embedded/10-2020-q4-major/gcc-arm-none-eabi-10-2020-q4-major/bin/../lib/gcc/arm-none-eabi/10.2.1/thumb/v6-m/nofp/libgcc.a(_udivsi3.o) (__aeabi_idiv0)
/usr/local/Caskroom/gcc-arm-embedded/10-2020-q4-major/gcc-arm-none-eabi-10-2020-q4-major/bin/../lib/gcc/arm-none-eabi/10.2.1/thumb/v6-m/nofp/libgcc.a(_aeabi_uldivmod.o)
                              CMakeFiles/STM32L010_CLion.elf.dir/Drivers/STM32L0xx_HAL_Driver/Src/stm32l0xx_hal_rcc.c.obj (__aeabi_uldivmod)
/usr/local/Caskroom/gcc-arm-embedded/10-2020-q4-major/gcc-arm-none-eabi-10-2020-q4-major/bin/../lib/gcc/arm-none-eabi/10.2.1/thumb/v6-m/nofp/libgcc.a(_muldi3.o)
                              CMakeFiles/STM32L010_CLion.elf.dir/Drivers/STM32L0xx_HAL_Driver/Src/stm32l0xx_hal_rcc.c.obj (__aeabi_lmul)
/usr/local/Caskroom/gcc-arm-embedded/10-2020-q4-major/gcc-arm-none-eabi-10-2020-q4-major/bin/../lib/gcc/arm-none-eabi/10.2.1/thumb/v6-m/nofp/libgcc.a(_udivmoddi4.o)
                              /usr/local/Caskroom/gcc-arm-embedded/10-2020-q4-major/gcc-arm-none-eabi-10-2020-q4-major/bin/../lib/gcc/arm-none-eabi/10.2.1/thumb/v6-m/nofp/libgcc.a(_aeabi_uldivmod.o) (__udivmoddi4)
/usr/local/Caskroom/gcc-arm-embedded/10-2020-q4-major/gcc-arm-none-eabi-10-2020-q4-major/bin/../lib/gcc/arm-none-eabi/10.2.1/thumb/v6-m/nofp/libgcc.a(_clzdi2.o)
                              /usr/local/Caskroom/gcc-arm-embedded/10-2020-q4-major/gcc-arm-none-eabi-10-2020-q4-major/bin/../lib/gcc/arm-none-eabi/10.2.1/thumb/v6-m/nofp/libgcc.a(_udivmoddi4.o) (__clzdi2)
/usr/local/Caskroom/gcc-arm-embedded/10-2020-q4-major/gcc-arm-none-eabi-10-2020-q4-major/bin/../lib/gcc/arm-none-eabi/10.2.1/thumb/v6-m/nofp/libgcc.a(_clzsi2.o)
                              /usr/local/Caskroom/gcc-arm-embedded/10-2020-q4-major/gcc-arm-none-eabi-10-2020-q4-major/bin/../lib/gcc/arm-none-eabi/10.2.1/thumb/v6-m/nofp/libgcc.a(_clzdi2.o) (__clzsi2)
/usr/local/Caskroom/gcc-arm-embedded/10-2020-q4-major/gcc-arm-none-eabi-10-2020-q4-major/bin/../lib/gcc/arm-none-eabi/10.2.1/../../../../arm-none-eabi/lib/thumb/v6-m/nofp/libg.a(lib_a-errno.o)
                              CMakeFiles/STM32L010_CLion.elf.dir/Core/Src/syscalls.c.obj (__errno)
/usr/local/Caskroom/gcc-arm-embedded/10-2020-q4-major/gcc-arm-none-eabi-10-2020-q4-major/bin/../lib/gcc/arm-none-eabi/10.2.1/../../../../arm-none-eabi/lib/thumb/v6-m/nofp/libg.a(lib_a-exit.o)
                              /usr/local/Caskroom/gcc-arm-embedded/10-2020-q4-major/gcc-arm-none-eabi-10-2020-q4-major/bin/../lib/gcc/arm-none-eabi/10.2.1/../../../../arm-none-eabi/lib/thumb/v6-m/nofp/crt0.o (exit)
/usr/local/Caskroom/gcc-arm-embedded/10-2020-q4-major/gcc-arm-none-eabi-10-2020-q4-major/bin/../lib/gcc/arm-none-eabi/10.2.1/../../../../arm-none-eabi/lib/thumb/v6-m/nofp/libg.a(lib_a-impure.o)
                              /usr/local/Caskroom/gcc-arm-embedded/10-2020-q4-major/gcc-arm-none-eabi-10-2020-q4-major/bin/../lib/gcc/arm-none-eabi/10.2.1/../../../../arm-none-eabi/lib/thumb/v6-m/nofp/libg.a(lib_a-exit.o) (_global_impure_ptr)
/usr/local/Caskroom/gcc-arm-embedded/10-2020-q4-major/gcc-arm-none-eabi-10-2020-q4-major/bin/../lib/gcc/arm-none-eabi/10.2.1/../../../../arm-none-eabi/lib/thumb/v6-m/nofp/libg.a(lib_a-init.o)
                              /usr/local/Caskroom/gcc-arm-embedded/10-2020-q4-major/gcc-arm-none-eabi-10-2020-q4-major/bin/../lib/gcc/arm-none-eabi/10.2.1/../../../../arm-none-eabi/lib/thumb/v6-m/nofp/crt0.o (__libc_init_array)
/usr/local/Caskroom/gcc-arm-embedded/10-2020-q4-major/gcc-arm-none-eabi-10-2020-q4-major/bin/../lib/gcc/arm-none-eabi/10.2.1/../../../../arm-none-eabi/lib/thumb/v6-m/nofp/libg.a(lib_a-memset.o)
                              /usr/local/Caskroom/gcc-arm-embedded/10-2020-q4-major/gcc-arm-none-eabi-10-2020-q4-major/bin/../lib/gcc/arm-none-eabi/10.2.1/../../../../arm-none-eabi/lib/thumb/v6-m/nofp/crt0.o (memset)
/usr/local/Caskroom/gcc-arm-embedded/10-2020-q4-major/gcc-arm-none-eabi-10-2020-q4-major/bin/../lib/gcc/arm-none-eabi/10.2.1/../../../../arm-none-eabi/lib/thumb/v6-m/nofp/libg.a(lib_a-__call_atexit.o)
                              /usr/local/Caskroom/gcc-arm-embedded/10-2020-q4-major/gcc-arm-none-eabi-10-2020-q4-major/bin/../lib/gcc/arm-none-eabi/10.2.1/../../../../arm-none-eabi/lib/thumb/v6-m/nofp/libg.a(lib_a-exit.o) (__call_exitprocs)
[...]
Memory Configuration

Name             Origin             Length             Attributes
RAM              0x0000000020000000 0x0000000000002000 xrw
FLASH            0x0000000008000000 0x0000000000010000 xr
*default*        0x0000000000000000 0xffffffffffffffff

Linker script and memory map

LOAD /usr/local/Caskroom/gcc-arm-embedded/10-2020-q4-major/gcc-arm-none-eabi-10-2020-q4-major/bin/../lib/gcc/arm-none-eabi/10.2.1/thumb/v6-m/nofp/crti.o
LOAD /usr/local/Caskroom/gcc-arm-embedded/10-2020-q4-major/gcc-arm-none-eabi-10-2020-q4-major/bin/../lib/gcc/arm-none-eabi/10.2.1/thumb/v6-m/nofp/crtbegin.o
LOAD /usr/local/Caskroom/gcc-arm-embedded/10-2020-q4-major/gcc-arm-none-eabi-10-2020-q4-major/bin/../lib/gcc/arm-none-eabi/10.2.1/../../../../arm-none-eabi/lib/thumb/v6-m/nofp/crt0.o
LOAD CMakeFiles/STM32L010_CLion.elf.dir/Core/Src/main.c.obj
LOAD CMakeFiles/STM32L010_CLion.elf.dir/Core/Src/stm32l0xx_hal_msp.c.obj
LOAD CMakeFiles/STM32L010_CLion.elf.dir/Core/Src/stm32l0xx_it.c.obj
LOAD CMakeFiles/STM32L010_CLion.elf.dir/Core/Src/syscalls.c.obj
LOAD CMakeFiles/STM32L010_CLion.elf.dir/Core/Src/system_stm32l0xx.c.obj
LOAD CMakeFiles/STM32L010_CLion.elf.dir/Drivers/STM32L0xx_HAL_Driver/Src/stm32l0xx_hal.c.obj
LOAD CMakeFiles/STM32L010_CLion.elf.dir/Drivers/STM32L0xx_HAL_Driver/Src/stm32l0xx_hal_adc.c.obj
LOAD CMakeFiles/STM32L010_CLion.elf.dir/Drivers/STM32L0xx_HAL_Driver/Src/stm32l0xx_hal_adc_ex.c.obj
LOAD CMakeFiles/STM32L010_CLion.elf.dir/Drivers/STM32L0xx_HAL_Driver/Src/stm32l0xx_hal_cortex.c.obj
LOAD CMakeFiles/STM32L010_CLion.elf.dir/Drivers/STM32L0xx_HAL_Driver/Src/stm32l0xx_hal_dma.c.obj
LOAD CMakeFiles/STM32L010_CLion.elf.dir/Drivers/STM32L0xx_HAL_Driver/Src/stm32l0xx_hal_exti.c.obj
LOAD CMakeFiles/STM32L010_CLion.elf.dir/Drivers/STM32L0xx_HAL_Driver/Src/stm32l0xx_hal_flash.c.obj
LOAD CMakeFiles/STM32L010_CLion.elf.dir/Drivers/STM32L0xx_HAL_Driver/Src/stm32l0xx_hal_flash_ex.c.obj
LOAD CMakeFiles/STM32L010_CLion.elf.dir/Drivers/STM32L0xx_HAL_Driver/Src/stm32l0xx_hal_flash_ramfunc.c.obj
LOAD CMakeFiles/STM32L010_CLion.elf.dir/Drivers/STM32L0xx_HAL_Driver/Src/stm32l0xx_hal_gpio.c.obj
LOAD CMakeFiles/STM32L010_CLion.elf.dir/Drivers/STM32L0xx_HAL_Driver/Src/stm32l0xx_hal_i2c.c.obj
LOAD CMakeFiles/STM32L010_CLion.elf.dir/Drivers/STM32L0xx_HAL_Driver/Src/stm32l0xx_hal_i2c_ex.c.obj
LOAD CMakeFiles/STM32L010_CLion.elf.dir/Drivers/STM32L0xx_HAL_Driver/Src/stm32l0xx_hal_pwr.c.obj
LOAD CMakeFiles/STM32L010_CLion.elf.dir/Drivers/STM32L0xx_HAL_Driver/Src/stm32l0xx_hal_pwr_ex.c.obj
LOAD CMakeFiles/STM32L010_CLion.elf.dir/Drivers/STM32L0xx_HAL_Driver/Src/stm32l0xx_hal_rcc.c.obj
LOAD CMakeFiles/STM32L010_CLion.elf.dir/Drivers/STM32L0xx_HAL_Driver/Src/stm32l0xx_hal_rcc_ex.c.obj
LOAD CMakeFiles/STM32L010_CLion.elf.dir/Drivers/STM32L0xx_HAL_Driver/Src/stm32l0xx_hal_tim.c.obj
LOAD CMakeFiles/STM32L010_CLion.elf.dir/Drivers/STM32L0xx_HAL_Driver/Src/stm32l0xx_hal_tim_ex.c.obj
LOAD CMakeFiles/STM32L010_CLion.elf.dir/startup/startup_stm32l010x8.s.obj
START GROUP
LOAD /usr/local/Caskroom/gcc-arm-embedded/10-2020-q4-major/gcc-arm-none-eabi-10-2020-q4-major/bin/../lib/gcc/arm-none-eabi/10.2.1/thumb/v6-m/nofp/libgcc.a
LOAD /usr/local/Caskroom/gcc-arm-embedded/10-2020-q4-major/gcc-arm-none-eabi-10-2020-q4-major/bin/../lib/gcc/arm-none-eabi/10.2.1/../../../../arm-none-eabi/lib/thumb/v6-m/nofp/libg.a
LOAD /usr/local/Caskroom/gcc-arm-embedded/10-2020-q4-major/gcc-arm-none-eabi-10-2020-q4-major/bin/../lib/gcc/arm-none-eabi/10.2.1/../../../../arm-none-eabi/lib/thumb/v6-m/nofp/libc.a
END GROUP
LOAD /usr/local/Caskroom/gcc-arm-embedded/10-2020-q4-major/gcc-arm-none-eabi-10-2020-q4-major/bin/../lib/gcc/arm-none-eabi/10.2.1/thumb/v6-m/nofp/crtend.o
LOAD /usr/local/Caskroom/gcc-arm-embedded/10-2020-q4-major/gcc-arm-none-eabi-10-2020-q4-major/bin/../lib/gcc/arm-none-eabi/10.2.1/thumb/v6-m/nofp/crtn.o
                0x0000000020002000                _estack = 0x20002000
                0x0000000000000200                _Min_Heap_Size = 0x200
                0x0000000000000300                _Min_Stack_Size = 0x300

.isr_vector     0x0000000008000000       0xc0
                0x0000000008000000                . = ALIGN (0x4)
 *(.isr_vector)
 .isr_vector    0x0000000008000000       0xc0 CMakeFiles/STM32L010_CLion.elf.dir/startup/startup_stm32l010x8.s.obj
                0x0000000008000000                g_pfnVectors
                0x00000000080000c0                . = ALIGN (0x4)

.text           0x00000000080000c0     0x166c
                0x00000000080000c0                . = ALIGN (0x4)
 *(.text)
 .text          0x00000000080000c0       0x48 /usr/local/Caskroom/gcc-arm-embedded/10-2020-q4-major/gcc-arm-none-eabi-10-2020-q4-major/bin/../lib/gcc/arm-none-eabi/10.2.1/thumb/v6-m/nofp/crtbegin.o
 .text          0x0000000008000108      0x114 /usr/local/Caskroom/gcc-arm-embedded/10-2020-q4-major/gcc-arm-none-eabi-10-2020-q4-major/bin/../lib/gcc/arm-none-eabi/10.2.1/thumb/v6-m/nofp/libgcc.a(_udivsi3.o)
                0x0000000008000108                __udivsi3
                0x0000000008000108                __aeabi_uidiv
                0x0000000008000214                __aeabi_uidivmod
 .text          0x000000000800021c        0x4 /usr/local/Caskroom/gcc-arm-embedded/10-2020-q4-major/gcc-arm-none-eabi-10-2020-q4-major/bin/../lib/gcc/arm-none-eabi/10.2.1/thumb/v6-m/nofp/libgcc.a(_dvmd_tls.o)
                0x000000000800021c                __aeabi_ldiv0
                0x000000000800021c                __aeabi_idiv0
 .text          0x0000000008000220       0x40 /usr/local/Caskroom/gcc-arm-embedded/10-2020-q4-major/gcc-arm-none-eabi-10-2020-q4-major/bin/../lib/gcc/arm-none-eabi/10.2.1/thumb/v6-m/nofp/libgcc.a(_aeabi_uldivmod.o)
                0x0000000008000220                __aeabi_uldivmod
 .text          0x0000000008000260       0x5c /usr/local/Caskroom/gcc-arm-embedded/10-2020-q4-major/gcc-arm-none-eabi-10-2020-q4-major/bin/../lib/gcc/arm-none-eabi/10.2.1/thumb/v6-m/nofp/libgcc.a(_muldi3.o)
                0x0000000008000260                __aeabi_lmul
                0x0000000008000260                __muldi3
 .text          0x00000000080002bc      0x198 /usr/local/Caskroom/gcc-arm-embedded/10-2020-q4-major/gcc-arm-none-eabi-10-2020-q4-major/bin/../lib/gcc/arm-none-eabi/10.2.1/thumb/v6-m/nofp/libgcc.a(_udivmoddi4.o)
                0x00000000080002bc                __udivmoddi4
 .text          0x0000000008000454       0x18 /usr/local/Caskroom/gcc-arm-embedded/10-2020-q4-major/gcc-arm-none-eabi-10-2020-q4-major/bin/../lib/gcc/arm-none-eabi/10.2.1/thumb/v6-m/nofp/libgcc.a(_clzdi2.o)
                0x0000000008000454                __clzdi2
 .text          0x000000000800046c       0x3c /usr/local/Caskroom/gcc-arm-embedded/10-2020-q4-major/gcc-arm-none-eabi-10-2020-q4-major/bin/../lib/gcc/arm-none-eabi/10.2.1/thumb/v6-m/nofp/libgcc.a(_clzsi2.o)
                0x000000000800046c                __clzsi2
 *(.text*)
 .text.MX_GPIO_Init
                0x00000000080004a8       0xe4 CMakeFiles/STM32L010_CLion.elf.dir/Core/Src/main.c.obj
 .text.HAL_GPIO_EXTI_Callback
                0x000000000800058c       0x54 CMakeFiles/STM32L010_CLion.elf.dir/Core/Src/main.c.obj
                0x000000000800058c                HAL_GPIO_EXTI_Callback
 .text.Error_Handler
                0x00000000080005e0        0x4 CMakeFiles/STM32L010_CLion.elf.dir/Core/Src/main.c.obj
                0x00000000080005e0                Error_Handler
 .text.MX_ADC_Init
                0x00000000080005e4       0x80 CMakeFiles/STM32L010_CLion.elf.dir/Core/Src/main.c.obj
 .text.SystemClock_Config
                0x0000000008000664       0x74 CMakeFiles/STM32L010_CLion.elf.dir/Core/Src/main.c.obj
                0x0000000008000664                SystemClock_Config
 .text.main     0x00000000080006d8       0x14 CMakeFiles/STM32L010_CLion.elf.dir/Core/Src/main.c.obj
                0x00000000080006d8                main
 .text.HAL_MspInit
                0x00000000080006ec       0x1c CMakeFiles/STM32L010_CLion.elf.dir/Core/Src/stm32l0xx_hal_msp.c.obj
                0x00000000080006ec                HAL_MspInit
 .text.HAL_ADC_MspInit
                0x0000000008000708       0x54 CMakeFiles/STM32L010_CLion.elf.dir/Core/Src/stm32l0xx_hal_msp.c.obj
                0x0000000008000708                HAL_ADC_MspInit
 .text.NMI_Handler
                0x000000000800075c        0x2 CMakeFiles/STM32L010_CLion.elf.dir/Core/Src/stm32l0xx_it.c.obj
                0x000000000800075c                NMI_Handler
 .text.HardFault_Handler
                0x000000000800075e        0x2 CMakeFiles/STM32L010_CLion.elf.dir/Core/Src/stm32l0xx_it.c.obj
                0x000000000800075e                HardFault_Handler
 .text.SVC_Handler
                0x0000000008000760        0x2 CMakeFiles/STM32L010_CLion.elf.dir/Core/Src/stm32l0xx_it.c.obj
                0x0000000008000760                SVC_Handler
 .text.PendSV_Handler
                0x0000000008000762        0x2 CMakeFiles/STM32L010_CLion.elf.dir/Core/Src/stm32l0xx_it.c.obj
                0x0000000008000762                PendSV_Handler
 .text.SysTick_Handler
                0x0000000008000764        0x8 CMakeFiles/STM32L010_CLion.elf.dir/Core/Src/stm32l0xx_it.c.obj
                0x0000000008000764                SysTick_Handler
 .text.EXTI4_15_IRQHandler
                0x000000000800076c       0x14 CMakeFiles/STM32L010_CLion.elf.dir/Core/Src/stm32l0xx_it.c.obj
                0x000000000800076c                EXTI4_15_IRQHandler
 .text.SystemInit
                0x0000000008000780        0x2 CMakeFiles/STM32L010_CLion.elf.dir/Core/Src/system_stm32l0xx.c.obj
                0x0000000008000780                SystemInit
 *fill*         0x0000000008000782        0x2 
 .text.HAL_InitTick
                0x0000000008000784       0x50 CMakeFiles/STM32L010_CLion.elf.dir/Drivers/STM32L0xx_HAL_Driver/Src/stm32l0xx_hal.c.obj
                0x0000000008000784                HAL_InitTick
 .text.HAL_Init
                0x00000000080007d4       0x28 CMakeFiles/STM32L010_CLion.elf.dir/Drivers/STM32L0xx_HAL_Driver/Src/stm32l0xx_hal.c.obj
                0x00000000080007d4                HAL_Init
 .text.HAL_IncTick
                0x00000000080007fc       0x18 CMakeFiles/STM32L010_CLion.elf.dir/Drivers/STM32L0xx_HAL_Driver/Src/stm32l0xx_hal.c.obj
                0x00000000080007fc                HAL_IncTick
 .text.HAL_GetTick
                0x0000000008000814        0xc CMakeFiles/STM32L010_CLion.elf.dir/Drivers/STM32L0xx_HAL_Driver/Src/stm32l0xx_hal.c.obj
                0x0000000008000814                HAL_GetTick
 .text.HAL_ADC_Init
                0x0000000008000820      0x1ec CMakeFiles/STM32L010_CLion.elf.dir/Drivers/STM32L0xx_HAL_Driver/Src/stm32l0xx_hal_adc.c.obj
                0x0000000008000820                HAL_ADC_Init
 .text.HAL_ADC_ConfigChannel
                0x0000000008000a0c       0x88 CMakeFiles/STM32L010_CLion.elf.dir/Drivers/STM32L0xx_HAL_Driver/Src/stm32l0xx_hal_adc.c.obj
                0x0000000008000a0c                HAL_ADC_ConfigChannel
 .text.HAL_NVIC_SetPriority
                0x0000000008000a94       0x60 CMakeFiles/STM32L010_CLion.elf.dir/Drivers/STM32L0xx_HAL_Driver/Src/stm32l0xx_hal_cortex.c.obj
                0x0000000008000a94                HAL_NVIC_SetPriority
 .text.HAL_NVIC_EnableIRQ
                0x0000000008000af4       0x18 CMakeFiles/STM32L010_CLion.elf.dir/Drivers/STM32L0xx_HAL_Driver/Src/stm32l0xx_hal_cortex.c.obj
                0x0000000008000af4                HAL_NVIC_EnableIRQ
 .text.HAL_SYSTICK_Config
                0x0000000008000b0c       0x38 CMakeFiles/STM32L010_CLion.elf.dir/Drivers/STM32L0xx_HAL_Driver/Src/stm32l0xx_hal_cortex.c.obj
                0x0000000008000b0c                HAL_SYSTICK_Config
 .text.HAL_GPIO_Init
                0x0000000008000b44      0x190 CMakeFiles/STM32L010_CLion.elf.dir/Drivers/STM32L0xx_HAL_Driver/Src/stm32l0xx_hal_gpio.c.obj
                0x0000000008000b44                HAL_GPIO_Init
 .text.HAL_GPIO_WritePin
                0x0000000008000cd4        0xc CMakeFiles/STM32L010_CLion.elf.dir/Drivers/STM32L0xx_HAL_Driver/Src/stm32l0xx_hal_gpio.c.obj
                0x0000000008000cd4                HAL_GPIO_WritePin
 .text.HAL_GPIO_EXTI_IRQHandler
                0x0000000008000ce0       0x1c CMakeFiles/STM32L010_CLion.elf.dir/Drivers/STM32L0xx_HAL_Driver/Src/stm32l0xx_hal_gpio.c.obj
                0x0000000008000ce0                HAL_GPIO_EXTI_IRQHandler
 .text.HAL_RCC_GetSysClockFreq
                0x0000000008000cfc       0xb0 CMakeFiles/STM32L010_CLion.elf.dir/Drivers/STM32L0xx_HAL_Driver/Src/stm32l0xx_hal_rcc.c.obj
                0x0000000008000cfc                HAL_RCC_GetSysClockFreq
 .text.HAL_RCC_OscConfig
                0x0000000008000dac      0x51c CMakeFiles/STM32L010_CLion.elf.dir/Drivers/STM32L0xx_HAL_Driver/Src/stm32l0xx_hal_rcc.c.obj
                0x0000000008000dac                HAL_RCC_OscConfig
 .text.HAL_RCC_ClockConfig
                0x00000000080012c8      0x1d8 CMakeFiles/STM32L010_CLion.elf.dir/Drivers/STM32L0xx_HAL_Driver/Src/stm32l0xx_hal_rcc.c.obj
                0x00000000080012c8                HAL_RCC_ClockConfig
 .text.Reset_Handler
                0x00000000080014a0       0x80 CMakeFiles/STM32L010_CLion.elf.dir/startup/startup_stm32l010x8.s.obj
                0x00000000080014a0                Reset_Handler
 .text.Default_Handler
                0x0000000008001520        0x2 CMakeFiles/STM32L010_CLion.elf.dir/startup/startup_stm32l010x8.s.obj
                0x0000000008001520                LPTIM1_IRQHandler
                0x0000000008001520                SPI1_IRQHandler
                0x0000000008001520                EXTI2_3_IRQHandler
                0x0000000008001520                ADC1_IRQHandler
                0x0000000008001520                RTC_IRQHandler
                0x0000000008001520                DMA1_Channel4_5_6_7_IRQHandler
                0x0000000008001520                RCC_IRQHandler
                0x0000000008001520                DMA1_Channel1_IRQHandler
                0x0000000008001520                Default_Handler
                0x0000000008001520                EXTI0_1_IRQHandler
                0x0000000008001520                TIM21_IRQHandler
                0x0000000008001520                WWDG_IRQHandler
                0x0000000008001520                LPUART1_IRQHandler
                0x0000000008001520                TIM2_IRQHandler
                0x0000000008001520                DMA1_Channel2_3_IRQHandler
                0x0000000008001520                USART2_IRQHandler
                0x0000000008001520                FLASH_IRQHandler
                0x0000000008001520                I2C1_IRQHandler
 *fill*         0x0000000008001522        0x2 
 .text.__libc_init_array
                0x0000000008001524       0x44 /usr/local/Caskroom/gcc-arm-embedded/10-2020-q4-major/gcc-arm-none-eabi-10-2020-q4-major/bin/../lib/gcc/arm-none-eabi/10.2.1/../../../../arm-none-eabi/lib/thumb/v6-m/nofp/libg.a(lib_a-init.o)
                0x0000000008001524                __libc_init_array
 .text.memset   0x0000000008001568       0xa8 /usr/local/Caskroom/gcc-arm-embedded/10-2020-q4-major/gcc-arm-none-eabi-10-2020-q4-major/bin/../lib/gcc/arm-none-eabi/10.2.1/../../../../arm-none-eabi/lib/thumb/v6-m/nofp/libg.a(lib_a-memset.o)
                0x0000000008001568                memset
 .text.startup.register_fini
                0x0000000008001610       0x18 /usr/local/Caskroom/gcc-arm-embedded/10-2020-q4-major/gcc-arm-none-eabi-10-2020-q4-major/bin/../lib/gcc/arm-none-eabi/10.2.1/../../../../arm-none-eabi/lib/thumb/v6-m/nofp/libg.a(lib_a-__call_atexit.o)
 .text.atexit   0x0000000008001628       0x10 /usr/local/Caskroom/gcc-arm-embedded/10-2020-q4-major/gcc-arm-none-eabi-10-2020-q4-major/bin/../lib/gcc/arm-none-eabi/10.2.1/../../../../arm-none-eabi/lib/thumb/v6-m/nofp/libg.a(lib_a-atexit.o)
                0x0000000008001628                atexit
 .text.__libc_fini_array
                0x0000000008001638       0x28 /usr/local/Caskroom/gcc-arm-embedded/10-2020-q4-major/gcc-arm-none-eabi-10-2020-q4-major/bin/../lib/gcc/arm-none-eabi/10.2.1/../../../../arm-none-eabi/lib/thumb/v6-m/nofp/libg.a(lib_a-fini.o)
                0x0000000008001638                __libc_fini_array
 .text.__retarget_lock_acquire_recursive
                0x0000000008001660        0x4 /usr/local/Caskroom/gcc-arm-embedded/10-2020-q4-major/gcc-arm-none-eabi-10-2020-q4-major/bin/../lib/gcc/arm-none-eabi/10.2.1/../../../../arm-none-eabi/lib/thumb/v6-m/nofp/libg.a(lib_a-lock.o)
                0x0000000008001660                __retarget_lock_acquire_recursive
 .text.__retarget_lock_release_recursive
                0x0000000008001664        0x4 /usr/local/Caskroom/gcc-arm-embedded/10-2020-q4-major/gcc-arm-none-eabi-10-2020-q4-major/bin/../lib/gcc/arm-none-eabi/10.2.1/../../../../arm-none-eabi/lib/thumb/v6-m/nofp/libg.a(lib_a-lock.o)
                0x0000000008001664                __retarget_lock_release_recursive
 .text.__register_exitproc
                0x0000000008001668       0xac /usr/local/Caskroom/gcc-arm-embedded/10-2020-q4-major/gcc-arm-none-eabi-10-2020-q4-major/bin/../lib/gcc/arm-none-eabi/10.2.1/../../../../arm-none-eabi/lib/thumb/v6-m/nofp/libg.a(lib_a-__atexit.o)
                0x0000000008001668                __register_exitproc
 *(.glue_7)
 .glue_7        0x0000000008001714        0x0 linker stubs
 *(.glue_7t)
 .glue_7t       0x0000000008001714        0x0 linker stubs
 *(.eh_frame)
 .eh_frame      0x0000000008001714        0x0 /usr/local/Caskroom/gcc-arm-embedded/10-2020-q4-major/gcc-arm-none-eabi-10-2020-q4-major/bin/../lib/gcc/arm-none-eabi/10.2.1/thumb/v6-m/nofp/crtbegin.o
 *(.init)
 .init          0x0000000008001714        0x4 /usr/local/Caskroom/gcc-arm-embedded/10-2020-q4-major/gcc-arm-none-eabi-10-2020-q4-major/bin/../lib/gcc/arm-none-eabi/10.2.1/thumb/v6-m/nofp/crti.o
                0x0000000008001714                _init
 .init          0x0000000008001718        0x8 /usr/local/Caskroom/gcc-arm-embedded/10-2020-q4-major/gcc-arm-none-eabi-10-2020-q4-major/bin/../lib/gcc/arm-none-eabi/10.2.1/thumb/v6-m/nofp/crtn.o
 *(.fini)
 .fini          0x0000000008001720        0x4 /usr/local/Caskroom/gcc-arm-embedded/10-2020-q4-major/gcc-arm-none-eabi-10-2020-q4-major/bin/../lib/gcc/arm-none-eabi/10.2.1/thumb/v6-m/nofp/crti.o
                0x0000000008001720                _fini
 .fini          0x0000000008001724        0x8 /usr/local/Caskroom/gcc-arm-embedded/10-2020-q4-major/gcc-arm-none-eabi-10-2020-q4-major/bin/../lib/gcc/arm-none-eabi/10.2.1/thumb/v6-m/nofp/crtn.o
                0x000000000800172c                . = ALIGN (0x4)
                0x000000000800172c                _etext = .

.vfp11_veneer   0x000000000800172c        0x0
 .vfp11_veneer  0x000000000800172c        0x0 linker stubs

.v4_bx          0x000000000800172c        0x0
 .v4_bx         0x000000000800172c        0x0 linker stubs

.iplt           0x000000000800172c        0x0
 .iplt          0x000000000800172c        0x0 /usr/local/Caskroom/gcc-arm-embedded/10-2020-q4-major/gcc-arm-none-eabi-10-2020-q4-major/bin/../lib/gcc/arm-none-eabi/10.2.1/thumb/v6-m/nofp/crtbegin.o

.rodata         0x000000000800172c       0x20
                0x000000000800172c                . = ALIGN (0x4)
 *(.rodata)
 *(.rodata*)
 .rodata.AHBPrescTable
                0x000000000800172c       0x10 CMakeFiles/STM32L010_CLion.elf.dir/Core/Src/system_stm32l0xx.c.obj
                0x000000000800172c                AHBPrescTable
 .rodata.PLLMulTable
                0x000000000800173c        0x9 CMakeFiles/STM32L010_CLion.elf.dir/Core/Src/system_stm32l0xx.c.obj
                0x000000000800173c                PLLMulTable
 *fill*         0x0000000008001745        0x3 
 .rodata._global_impure_ptr
                0x0000000008001748        0x4 /usr/local/Caskroom/gcc-arm-embedded/10-2020-q4-major/gcc-arm-none-eabi-10-2020-q4-major/bin/../lib/gcc/arm-none-eabi/10.2.1/../../../../arm-none-eabi/lib/thumb/v6-m/nofp/libg.a(lib_a-impure.o)
                0x0000000008001748                _global_impure_ptr
                0x000000000800174c                . = ALIGN (0x4)

.ARM.extab
 *(.ARM.extab* .gnu.linkonce.armextab.*)

.ARM            0x000000000800174c        0x8
                0x000000000800174c                __exidx_start = .
 *(.ARM.exidx*)
 .ARM.exidx     0x000000000800174c        0x8 /usr/local/Caskroom/gcc-arm-embedded/10-2020-q4-major/gcc-arm-none-eabi-10-2020-q4-major/bin/../lib/gcc/arm-none-eabi/10.2.1/thumb/v6-m/nofp/libgcc.a(_udivmoddi4.o)
                0x0000000008001754                __exidx_end = .

.rel.dyn        0x0000000008001754        0x0
 .rel.iplt      0x0000000008001754        0x0 /usr/local/Caskroom/gcc-arm-embedded/10-2020-q4-major/gcc-arm-none-eabi-10-2020-q4-major/bin/../lib/gcc/arm-none-eabi/10.2.1/thumb/v6-m/nofp/crtbegin.o

.preinit_array  0x0000000008001754        0x0
                0x0000000008001754                PROVIDE (__preinit_array_start = .)
 *(.preinit_array*)
                0x0000000008001754                PROVIDE (__preinit_array_end = .)

.init_array     0x0000000008001754        0x8
                0x0000000008001754                PROVIDE (__init_array_start = .)
 *(SORT_BY_NAME(.init_array.*))
 .init_array.00000
                0x0000000008001754        0x4 /usr/local/Caskroom/gcc-arm-embedded/10-2020-q4-major/gcc-arm-none-eabi-10-2020-q4-major/bin/../lib/gcc/arm-none-eabi/10.2.1/../../../../arm-none-eabi/lib/thumb/v6-m/nofp/libg.a(lib_a-__call_atexit.o)
 *(.init_array*)
 .init_array    0x0000000008001758        0x4 /usr/local/Caskroom/gcc-arm-embedded/10-2020-q4-major/gcc-arm-none-eabi-10-2020-q4-major/bin/../lib/gcc/arm-none-eabi/10.2.1/thumb/v6-m/nofp/crtbegin.o
                0x000000000800175c                PROVIDE (__init_array_end = .)

.fini_array     0x000000000800175c        0x4
                0x000000000800175c                PROVIDE (__fini_array_start = .)
 *(SORT_BY_NAME(.fini_array.*))
 *(.fini_array*)
 .fini_array    0x000000000800175c        0x4 /usr/local/Caskroom/gcc-arm-embedded/10-2020-q4-major/gcc-arm-none-eabi-10-2020-q4-major/bin/../lib/gcc/arm-none-eabi/10.2.1/thumb/v6-m/nofp/crtbegin.o
                0x0000000008001760                PROVIDE (__fini_array_end = .)
                0x0000000008001760                _sidata = LOADADDR (.data)

.data           0x0000000020000000      0x43c load address 0x0000000008001760
                0x0000000020000000                . = ALIGN (0x4)
                0x0000000020000000                _sdata = .
 *(.data)
 *(.data*)
 .data.SystemCoreClock
                0x0000000020000000        0x4 CMakeFiles/STM32L010_CLion.elf.dir/Core/Src/system_stm32l0xx.c.obj
                0x0000000020000000                SystemCoreClock
 .data.uwTickFreq
                0x0000000020000004        0x1 CMakeFiles/STM32L010_CLion.elf.dir/Drivers/STM32L0xx_HAL_Driver/Src/stm32l0xx_hal.c.obj
                0x0000000020000004                uwTickFreq
 *fill*         0x0000000020000005        0x3 
 .data.uwTickPrio
                0x0000000020000008        0x4 CMakeFiles/STM32L010_CLion.elf.dir/Drivers/STM32L0xx_HAL_Driver/Src/stm32l0xx_hal.c.obj
                0x0000000020000008                uwTickPrio
 *fill*         0x000000002000000c        0x4 
 .data.impure_data
                0x0000000020000010      0x428 /usr/local/Caskroom/gcc-arm-embedded/10-2020-q4-major/gcc-arm-none-eabi-10-2020-q4-major/bin/../lib/gcc/arm-none-eabi/10.2.1/../../../../arm-none-eabi/lib/thumb/v6-m/nofp/libg.a(lib_a-impure.o)
 .data.__atexit_recursive_mutex
                0x0000000020000438        0x4 /usr/local/Caskroom/gcc-arm-embedded/10-2020-q4-major/gcc-arm-none-eabi-10-2020-q4-major/bin/../lib/gcc/arm-none-eabi/10.2.1/../../../../arm-none-eabi/lib/thumb/v6-m/nofp/libg.a(lib_a-__call_atexit.o)
                0x0000000020000438                __atexit_recursive_mutex
                0x000000002000043c                . = ALIGN (0x4)
                0x000000002000043c                _edata = .

.igot.plt       0x000000002000043c        0x0 load address 0x0000000008001b9c
 .igot.plt      0x000000002000043c        0x0 /usr/local/Caskroom/gcc-arm-embedded/10-2020-q4-major/gcc-arm-none-eabi-10-2020-q4-major/bin/../lib/gcc/arm-none-eabi/10.2.1/thumb/v6-m/nofp/crtbegin.o
                0x000000002000043c                . = ALIGN (0x4)

.bss            0x000000002000043c       0x84 load address 0x0000000008001b9c
                0x000000002000043c                _sbss = .
                0x000000002000043c                __bss_start__ = _sbss
 *(.bss)
 .bss           0x000000002000043c       0x1c /usr/local/Caskroom/gcc-arm-embedded/10-2020-q4-major/gcc-arm-none-eabi-10-2020-q4-major/bin/../lib/gcc/arm-none-eabi/10.2.1/thumb/v6-m/nofp/crtbegin.o
 *(.bss*)
 .bss.hadc      0x0000000020000458       0x5c CMakeFiles/STM32L010_CLion.elf.dir/Core/Src/main.c.obj
                0x0000000020000458                hadc
 .bss.ttt       0x00000000200004b4        0x1 CMakeFiles/STM32L010_CLion.elf.dir/Core/Src/main.c.obj
                0x00000000200004b4                ttt
 *fill*         0x00000000200004b5        0x3 
 .bss.uwTick    0x00000000200004b8        0x4 CMakeFiles/STM32L010_CLion.elf.dir/Drivers/STM32L0xx_HAL_Driver/Src/stm32l0xx_hal.c.obj
                0x00000000200004b8                uwTick
 .bss.__lock___atexit_recursive_mutex
                0x00000000200004bc        0x1 /usr/local/Caskroom/gcc-arm-embedded/10-2020-q4-major/gcc-arm-none-eabi-10-2020-q4-major/bin/../lib/gcc/arm-none-eabi/10.2.1/../../../../arm-none-eabi/lib/thumb/v6-m/nofp/libg.a(lib_a-lock.o)
                0x00000000200004bc                __lock___atexit_recursive_mutex
 *(COMMON)
                0x00000000200004c0                . = ALIGN (0x4)
 *fill*         0x00000000200004bd        0x3 
                0x00000000200004c0                _ebss = .
                0x00000000200004c0                __bss_end__ = _ebss

._user_heap_stack
                0x00000000200004c0      0x500 load address 0x0000000008001b9c
                0x00000000200004c0                . = ALIGN (0x8)
                0x00000000200004c0                PROVIDE (end = .)
                [!provide]                        PROVIDE (_end = .)
                0x00000000200006c0                . = (. + _Min_Heap_Size)
 *fill*         0x00000000200004c0      0x200 
                0x00000000200009c0                . = (. + _Min_Stack_Size)
 *fill*         0x00000000200006c0      0x300 
                0x00000000200009c0                . = ALIGN (0x8)

/DISCARD/
 libc.a(*)
 libm.a(*)
 libgcc.a(*)

.ARM.attributes
                0x0000000000000000       0x28
 *(.ARM.attributes)
 .ARM.attributes
                0x0000000000000000       0x1e /usr/local/Caskroom/gcc-arm-embedded/10-2020-q4-major/gcc-arm-none-eabi-10-2020-q4-major/bin/../lib/gcc/arm-none-eabi/10.2.1/thumb/v6-m/nofp/crti.o
 .ARM.attributes
                0x000000000000001e       0x2c /usr/local/Caskroom/gcc-arm-embedded/10-2020-q4-major/gcc-arm-none-eabi-10-2020-q4-major/bin/../lib/gcc/arm-none-eabi/10.2.1/thumb/v6-m/nofp/crtbegin.o
 .ARM.attributes
                0x000000000000004a       0x2c CMakeFiles/STM32L010_CLion.elf.dir/Core/Src/main.c.obj
 .ARM.attributes
                0x0000000000000076       0x2c CMakeFiles/STM32L010_CLion.elf.dir/Core/Src/stm32l0xx_hal_msp.c.obj
 .ARM.attributes
                0x00000000000000a2       0x2c CMakeFiles/STM32L010_CLion.elf.dir/Core/Src/stm32l0xx_it.c.obj
 .ARM.attributes
                0x00000000000000ce       0x2c CMakeFiles/STM32L010_CLion.elf.dir/Core/Src/system_stm32l0xx.c.obj
 .ARM.attributes
                0x00000000000000fa       0x2c CMakeFiles/STM32L010_CLion.elf.dir/Drivers/STM32L0xx_HAL_Driver/Src/stm32l0xx_hal.c.obj
 .ARM.attributes
                0x0000000000000126       0x2c CMakeFiles/STM32L010_CLion.elf.dir/Drivers/STM32L0xx_HAL_Driver/Src/stm32l0xx_hal_adc.c.obj
 .ARM.attributes
                0x0000000000000152       0x2c CMakeFiles/STM32L010_CLion.elf.dir/Drivers/STM32L0xx_HAL_Driver/Src/stm32l0xx_hal_cortex.c.obj
 .ARM.attributes
                0x000000000000017e       0x2c CMakeFiles/STM32L010_CLion.elf.dir/Drivers/STM32L0xx_HAL_Driver/Src/stm32l0xx_hal_gpio.c.obj
 .ARM.attributes
                0x00000000000001aa       0x2c CMakeFiles/STM32L010_CLion.elf.dir/Drivers/STM32L0xx_HAL_Driver/Src/stm32l0xx_hal_rcc.c.obj
 .ARM.attributes
                0x00000000000001d6       0x22 CMakeFiles/STM32L010_CLion.elf.dir/startup/startup_stm32l010x8.s.obj
 .ARM.attributes
                0x00000000000001f8       0x1e /usr/local/Caskroom/gcc-arm-embedded/10-2020-q4-major/gcc-arm-none-eabi-10-2020-q4-major/bin/../lib/gcc/arm-none-eabi/10.2.1/thumb/v6-m/nofp/libgcc.a(_udivsi3.o)
 .ARM.attributes
                0x0000000000000216       0x1e /usr/local/Caskroom/gcc-arm-embedded/10-2020-q4-major/gcc-arm-none-eabi-10-2020-q4-major/bin/../lib/gcc/arm-none-eabi/10.2.1/thumb/v6-m/nofp/libgcc.a(_dvmd_tls.o)
 .ARM.attributes
                0x0000000000000234       0x1e /usr/local/Caskroom/gcc-arm-embedded/10-2020-q4-major/gcc-arm-none-eabi-10-2020-q4-major/bin/../lib/gcc/arm-none-eabi/10.2.1/thumb/v6-m/nofp/libgcc.a(_aeabi_uldivmod.o)
 .ARM.attributes
                0x0000000000000252       0x2c /usr/local/Caskroom/gcc-arm-embedded/10-2020-q4-major/gcc-arm-none-eabi-10-2020-q4-major/bin/../lib/gcc/arm-none-eabi/10.2.1/thumb/v6-m/nofp/libgcc.a(_muldi3.o)
 .ARM.attributes
                0x000000000000027e       0x2c /usr/local/Caskroom/gcc-arm-embedded/10-2020-q4-major/gcc-arm-none-eabi-10-2020-q4-major/bin/../lib/gcc/arm-none-eabi/10.2.1/thumb/v6-m/nofp/libgcc.a(_udivmoddi4.o)
 .ARM.attributes
                0x00000000000002aa       0x1e /usr/local/Caskroom/gcc-arm-embedded/10-2020-q4-major/gcc-arm-none-eabi-10-2020-q4-major/bin/../lib/gcc/arm-none-eabi/10.2.1/thumb/v6-m/nofp/libgcc.a(_clzdi2.o)
 .ARM.attributes
                0x00000000000002c8       0x1e /usr/local/Caskroom/gcc-arm-embedded/10-2020-q4-major/gcc-arm-none-eabi-10-2020-q4-major/bin/../lib/gcc/arm-none-eabi/10.2.1/thumb/v6-m/nofp/libgcc.a(_clzsi2.o)
 .ARM.attributes
                0x00000000000002e6       0x2c /usr/local/Caskroom/gcc-arm-embedded/10-2020-q4-major/gcc-arm-none-eabi-10-2020-q4-major/bin/../lib/gcc/arm-none-eabi/10.2.1/../../../../arm-none-eabi/lib/thumb/v6-m/nofp/libg.a(lib_a-impure.o)
 .ARM.attributes
                0x0000000000000312       0x2c /usr/local/Caskroom/gcc-arm-embedded/10-2020-q4-major/gcc-arm-none-eabi-10-2020-q4-major/bin/../lib/gcc/arm-none-eabi/10.2.1/../../../../arm-none-eabi/lib/thumb/v6-m/nofp/libg.a(lib_a-init.o)
 .ARM.attributes
                0x000000000000033e       0x2c /usr/local/Caskroom/gcc-arm-embedded/10-2020-q4-major/gcc-arm-none-eabi-10-2020-q4-major/bin/../lib/gcc/arm-none-eabi/10.2.1/../../../../arm-none-eabi/lib/thumb/v6-m/nofp/libg.a(lib_a-memset.o)
 .ARM.attributes
                0x000000000000036a       0x2c /usr/local/Caskroom/gcc-arm-embedded/10-2020-q4-major/gcc-arm-none-eabi-10-2020-q4-major/bin/../lib/gcc/arm-none-eabi/10.2.1/../../../../arm-none-eabi/lib/thumb/v6-m/nofp/libg.a(lib_a-__call_atexit.o)
 .ARM.attributes
                0x0000000000000396       0x2c /usr/local/Caskroom/gcc-arm-embedded/10-2020-q4-major/gcc-arm-none-eabi-10-2020-q4-major/bin/../lib/gcc/arm-none-eabi/10.2.1/../../../../arm-none-eabi/lib/thumb/v6-m/nofp/libg.a(lib_a-atexit.o)
 .ARM.attributes
                0x00000000000003c2       0x2c /usr/local/Caskroom/gcc-arm-embedded/10-2020-q4-major/gcc-arm-none-eabi-10-2020-q4-major/bin/../lib/gcc/arm-none-eabi/10.2.1/../../../../arm-none-eabi/lib/thumb/v6-m/nofp/libg.a(lib_a-fini.o)
 .ARM.attributes
                0x00000000000003ee       0x2c /usr/local/Caskroom/gcc-arm-embedded/10-2020-q4-major/gcc-arm-none-eabi-10-2020-q4-major/bin/../lib/gcc/arm-none-eabi/10.2.1/../../../../arm-none-eabi/lib/thumb/v6-m/nofp/libg.a(lib_a-lock.o)
 .ARM.attributes
                0x000000000000041a       0x2c /usr/local/Caskroom/gcc-arm-embedded/10-2020-q4-major/gcc-arm-none-eabi-10-2020-q4-major/bin/../lib/gcc/arm-none-eabi/10.2.1/../../../../arm-none-eabi/lib/thumb/v6-m/nofp/libg.a(lib_a-__atexit.o)
 .ARM.attributes
                0x0000000000000446       0x1e /usr/local/Caskroom/gcc-arm-embedded/10-2020-q4-major/gcc-arm-none-eabi-10-2020-q4-major/bin/../lib/gcc/arm-none-eabi/10.2.1/thumb/v6-m/nofp/crtn.o
OUTPUT(STM32L010_CLion.elf elf32-littlearm)
LOAD linker stubs
LOAD /usr/local/Caskroom/gcc-arm-embedded/10-2020-q4-major/gcc-arm-none-eabi-10-2020-q4-major/bin/../lib/gcc/arm-none-eabi/10.2.1/../../../../arm-none-eabi/lib/thumb/v6-m/nofp/libc.a
LOAD /usr/local/Caskroom/gcc-arm-embedded/10-2020-q4-major/gcc-arm-none-eabi-10-2020-q4-major/bin/../lib/gcc/arm-none-eabi/10.2.1/../../../../arm-none-eabi/lib/thumb/v6-m/nofp/libm.a
LOAD /usr/local/Caskroom/gcc-arm-embedded/10-2020-q4-major/gcc-arm-none-eabi-10-2020-q4-major/bin/../lib/gcc/arm-none-eabi/10.2.1/thumb/v6-m/nofp/libgcc.a

.debug_info     0x0000000000000000     0x5116
 .debug_info    0x0000000000000000      0xf7e CMakeFiles/STM32L010_CLion.elf.dir/Core/Src/main.c.obj
 .debug_info    0x0000000000000f7e      0x8da CMakeFiles/STM32L010_CLion.elf.dir/Core/Src/stm32l0xx_hal_msp.c.obj
 .debug_info    0x0000000000001858      0x132 CMakeFiles/STM32L010_CLion.elf.dir/Core/Src/stm32l0xx_it.c.obj
 .debug_info    0x000000000000198a      0x342 CMakeFiles/STM32L010_CLion.elf.dir/Core/Src/system_stm32l0xx.c.obj
 .debug_info    0x0000000000001ccc      0x8e0 CMakeFiles/STM32L010_CLion.elf.dir/Drivers/STM32L0xx_HAL_Driver/Src/stm32l0xx_hal.c.obj
 .debug_info    0x00000000000025ac     0x101c CMakeFiles/STM32L010_CLion.elf.dir/Drivers/STM32L0xx_HAL_Driver/Src/stm32l0xx_hal_adc.c.obj
 .debug_info    0x00000000000035c8      0x80d CMakeFiles/STM32L010_CLion.elf.dir/Drivers/STM32L0xx_HAL_Driver/Src/stm32l0xx_hal_cortex.c.obj
 .debug_info    0x0000000000003dd5      0x6d2 CMakeFiles/STM32L010_CLion.elf.dir/Drivers/STM32L0xx_HAL_Driver/Src/stm32l0xx_hal_gpio.c.obj
 .debug_info    0x00000000000044a7      0xc4d CMakeFiles/STM32L010_CLion.elf.dir/Drivers/STM32L0xx_HAL_Driver/Src/stm32l0xx_hal_rcc.c.obj
 .debug_info    0x00000000000050f4       0x22 CMakeFiles/STM32L010_CLion.elf.dir/startup/startup_stm32l010x8.s.obj

.debug_abbrev   0x0000000000000000     0x11f2
 .debug_abbrev  0x0000000000000000      0x2ae CMakeFiles/STM32L010_CLion.elf.dir/Core/Src/main.c.obj
 .debug_abbrev  0x00000000000002ae      0x1cf CMakeFiles/STM32L010_CLion.elf.dir/Core/Src/stm32l0xx_hal_msp.c.obj
 .debug_abbrev  0x000000000000047d       0xa2 CMakeFiles/STM32L010_CLion.elf.dir/Core/Src/stm32l0xx_it.c.obj
 .debug_abbrev  0x000000000000051f      0x131 CMakeFiles/STM32L010_CLion.elf.dir/Core/Src/system_stm32l0xx.c.obj
 .debug_abbrev  0x0000000000000650      0x27c CMakeFiles/STM32L010_CLion.elf.dir/Drivers/STM32L0xx_HAL_Driver/Src/stm32l0xx_hal.c.obj
 .debug_abbrev  0x00000000000008cc      0x240 CMakeFiles/STM32L010_CLion.elf.dir/Drivers/STM32L0xx_HAL_Driver/Src/stm32l0xx_hal_adc.c.obj
 .debug_abbrev  0x0000000000000b0c      0x261 CMakeFiles/STM32L010_CLion.elf.dir/Drivers/STM32L0xx_HAL_Driver/Src/stm32l0xx_hal_cortex.c.obj
 .debug_abbrev  0x0000000000000d6d      0x1d5 CMakeFiles/STM32L010_CLion.elf.dir/Drivers/STM32L0xx_HAL_Driver/Src/stm32l0xx_hal_gpio.c.obj
 .debug_abbrev  0x0000000000000f42      0x29e CMakeFiles/STM32L010_CLion.elf.dir/Drivers/STM32L0xx_HAL_Driver/Src/stm32l0xx_hal_rcc.c.obj
 .debug_abbrev  0x00000000000011e0       0x12 CMakeFiles/STM32L010_CLion.elf.dir/startup/startup_stm32l010x8.s.obj

.debug_loc      0x0000000000000000     0x2108
 .debug_loc     0x0000000000000000       0x91 CMakeFiles/STM32L010_CLion.elf.dir/Core/Src/main.c.obj
 .debug_loc     0x0000000000000091       0x81 CMakeFiles/STM32L010_CLion.elf.dir/Core/Src/stm32l0xx_hal_msp.c.obj
 .debug_loc     0x0000000000000112      0x1ef CMakeFiles/STM32L010_CLion.elf.dir/Core/Src/system_stm32l0xx.c.obj
 .debug_loc     0x0000000000000301      0x172 CMakeFiles/STM32L010_CLion.elf.dir/Drivers/STM32L0xx_HAL_Driver/Src/stm32l0xx_hal.c.obj
 .debug_loc     0x0000000000000473      0xd8a CMakeFiles/STM32L010_CLion.elf.dir/Drivers/STM32L0xx_HAL_Driver/Src/stm32l0xx_hal_adc.c.obj
 .debug_loc     0x00000000000011fd      0x433 CMakeFiles/STM32L010_CLion.elf.dir/Drivers/STM32L0xx_HAL_Driver/Src/stm32l0xx_hal_cortex.c.obj
 .debug_loc     0x0000000000001630      0x3c0 CMakeFiles/STM32L010_CLion.elf.dir/Drivers/STM32L0xx_HAL_Driver/Src/stm32l0xx_hal_gpio.c.obj
 .debug_loc     0x00000000000019f0      0x718 CMakeFiles/STM32L010_CLion.elf.dir/Drivers/STM32L0xx_HAL_Driver/Src/stm32l0xx_hal_rcc.c.obj

.debug_aranges  0x0000000000000000      0x478
 .debug_aranges
                0x0000000000000000       0x50 CMakeFiles/STM32L010_CLion.elf.dir/Core/Src/main.c.obj
 .debug_aranges
                0x0000000000000050       0x30 CMakeFiles/STM32L010_CLion.elf.dir/Core/Src/stm32l0xx_hal_msp.c.obj
 .debug_aranges
                0x0000000000000080       0x48 CMakeFiles/STM32L010_CLion.elf.dir/Core/Src/stm32l0xx_it.c.obj
 .debug_aranges
                0x00000000000000c8       0x28 CMakeFiles/STM32L010_CLion.elf.dir/Core/Src/system_stm32l0xx.c.obj
 .debug_aranges
                0x00000000000000f0      0x110 CMakeFiles/STM32L010_CLion.elf.dir/Drivers/STM32L0xx_HAL_Driver/Src/stm32l0xx_hal.c.obj
 .debug_aranges
                0x0000000000000200      0x100 CMakeFiles/STM32L010_CLion.elf.dir/Drivers/STM32L0xx_HAL_Driver/Src/stm32l0xx_hal_adc.c.obj
 .debug_aranges
                0x0000000000000300       0x78 CMakeFiles/STM32L010_CLion.elf.dir/Drivers/STM32L0xx_HAL_Driver/Src/stm32l0xx_hal_cortex.c.obj
 .debug_aranges
                0x0000000000000378       0x58 CMakeFiles/STM32L010_CLion.elf.dir/Drivers/STM32L0xx_HAL_Driver/Src/stm32l0xx_hal_gpio.c.obj
 .debug_aranges
                0x00000000000003d0       0x80 CMakeFiles/STM32L010_CLion.elf.dir/Drivers/STM32L0xx_HAL_Driver/Src/stm32l0xx_hal_rcc.c.obj
 .debug_aranges
                0x0000000000000450       0x28 CMakeFiles/STM32L010_CLion.elf.dir/startup/startup_stm32l010x8.s.obj

.debug_ranges   0x0000000000000000      0x4a0
 .debug_ranges  0x0000000000000000       0x70 CMakeFiles/STM32L010_CLion.elf.dir/Core/Src/main.c.obj
 .debug_ranges  0x0000000000000070       0x20 CMakeFiles/STM32L010_CLion.elf.dir/Core/Src/stm32l0xx_hal_msp.c.obj
 .debug_ranges  0x0000000000000090       0x38 CMakeFiles/STM32L010_CLion.elf.dir/Core/Src/stm32l0xx_it.c.obj
 .debug_ranges  0x00000000000000c8       0x18 CMakeFiles/STM32L010_CLion.elf.dir/Core/Src/system_stm32l0xx.c.obj
 .debug_ranges  0x00000000000000e0      0x100 CMakeFiles/STM32L010_CLion.elf.dir/Drivers/STM32L0xx_HAL_Driver/Src/stm32l0xx_hal.c.obj
 .debug_ranges  0x00000000000001e0       0xf0 CMakeFiles/STM32L010_CLion.elf.dir/Drivers/STM32L0xx_HAL_Driver/Src/stm32l0xx_hal_adc.c.obj
 .debug_ranges  0x00000000000002d0       0xc8 CMakeFiles/STM32L010_CLion.elf.dir/Drivers/STM32L0xx_HAL_Driver/Src/stm32l0xx_hal_cortex.c.obj
 .debug_ranges  0x0000000000000398       0x48 CMakeFiles/STM32L010_CLion.elf.dir/Drivers/STM32L0xx_HAL_Driver/Src/stm32l0xx_hal_gpio.c.obj
 .debug_ranges  0x00000000000003e0       0xa0 CMakeFiles/STM32L010_CLion.elf.dir/Drivers/STM32L0xx_HAL_Driver/Src/stm32l0xx_hal_rcc.c.obj
 .debug_ranges  0x0000000000000480       0x20 CMakeFiles/STM32L010_CLion.elf.dir/startup/startup_stm32l010x8.s.obj

.debug_line     0x0000000000000000     0x4636
 .debug_line    0x0000000000000000      0x71b CMakeFiles/STM32L010_CLion.elf.dir/Core/Src/main.c.obj
 .debug_line    0x000000000000071b      0x3c6 CMakeFiles/STM32L010_CLion.elf.dir/Core/Src/stm32l0xx_hal_msp.c.obj
 .debug_line    0x0000000000000ae1      0x1db CMakeFiles/STM32L010_CLion.elf.dir/Core/Src/stm32l0xx_it.c.obj
 .debug_line    0x0000000000000cbc      0x35b CMakeFiles/STM32L010_CLion.elf.dir/Core/Src/system_stm32l0xx.c.obj
 .debug_line    0x0000000000001017      0x7ac CMakeFiles/STM32L010_CLion.elf.dir/Drivers/STM32L0xx_HAL_Driver/Src/stm32l0xx_hal.c.obj
 .debug_line    0x00000000000017c3     0x10fe CMakeFiles/STM32L010_CLion.elf.dir/Drivers/STM32L0xx_HAL_Driver/Src/stm32l0xx_hal_adc.c.obj
 .debug_line    0x00000000000028c1      0x65f CMakeFiles/STM32L010_CLion.elf.dir/Drivers/STM32L0xx_HAL_Driver/Src/stm32l0xx_hal_cortex.c.obj
 .debug_line    0x0000000000002f20      0x7ad CMakeFiles/STM32L010_CLion.elf.dir/Drivers/STM32L0xx_HAL_Driver/Src/stm32l0xx_hal_gpio.c.obj
 .debug_line    0x00000000000036cd      0xe7e CMakeFiles/STM32L010_CLion.elf.dir/Drivers/STM32L0xx_HAL_Driver/Src/stm32l0xx_hal_rcc.c.obj
 .debug_line    0x000000000000454b       0xeb CMakeFiles/STM32L010_CLion.elf.dir/startup/startup_stm32l010x8.s.obj

.debug_str      0x0000000000000000     0x1bf0
 .debug_str     0x0000000000000000      0xaea CMakeFiles/STM32L010_CLion.elf.dir/Core/Src/main.c.obj
                                        0xb8a (size before relaxing)
 .debug_str     0x0000000000000aea       0xb5 CMakeFiles/STM32L010_CLion.elf.dir/Core/Src/stm32l0xx_hal_msp.c.obj
                                        0x7a9 (size before relaxing)
 .debug_str     0x0000000000000b9f       0xf4 CMakeFiles/STM32L010_CLion.elf.dir/Core/Src/stm32l0xx_it.c.obj
                                        0x2bb (size before relaxing)
 .debug_str     0x0000000000000c93       0xfe CMakeFiles/STM32L010_CLion.elf.dir/Core/Src/system_stm32l0xx.c.obj
                                        0x383 (size before relaxing)
 .debug_str     0x0000000000000d91      0x464 CMakeFiles/STM32L010_CLion.elf.dir/Drivers/STM32L0xx_HAL_Driver/Src/stm32l0xx_hal.c.obj
                                        0x8a6 (size before relaxing)
 .debug_str     0x00000000000011f5      0x370 CMakeFiles/STM32L010_CLion.elf.dir/Drivers/STM32L0xx_HAL_Driver/Src/stm32l0xx_hal_adc.c.obj
                                        0xa2a (size before relaxing)
 .debug_str     0x0000000000001565      0x2b6 CMakeFiles/STM32L010_CLion.elf.dir/Drivers/STM32L0xx_HAL_Driver/Src/stm32l0xx_hal_cortex.c.obj
                                        0x655 (size before relaxing)
 .debug_str     0x000000000000181b      0x118 CMakeFiles/STM32L010_CLion.elf.dir/Drivers/STM32L0xx_HAL_Driver/Src/stm32l0xx_hal_gpio.c.obj
                                        0x503 (size before relaxing)
 .debug_str     0x0000000000001933      0x237 CMakeFiles/STM32L010_CLion.elf.dir/Drivers/STM32L0xx_HAL_Driver/Src/stm32l0xx_hal_rcc.c.obj
                                        0x7a3 (size before relaxing)
 .debug_str     0x0000000000001b6a       0x86 CMakeFiles/STM32L010_CLion.elf.dir/startup/startup_stm32l010x8.s.obj
                                         0xf8 (size before relaxing)

.comment        0x0000000000000000       0x4d
 .comment       0x0000000000000000       0x4d CMakeFiles/STM32L010_CLion.elf.dir/Core/Src/main.c.obj
                                         0x4e (size before relaxing)
 .comment       0x000000000000004d       0x4e CMakeFiles/STM32L010_CLion.elf.dir/Core/Src/stm32l0xx_hal_msp.c.obj
 .comment       0x000000000000004d       0x4e CMakeFiles/STM32L010_CLion.elf.dir/Core/Src/stm32l0xx_it.c.obj
 .comment       0x000000000000004d       0x4e CMakeFiles/STM32L010_CLion.elf.dir/Core/Src/system_stm32l0xx.c.obj
 .comment       0x000000000000004d       0x4e CMakeFiles/STM32L010_CLion.elf.dir/Drivers/STM32L0xx_HAL_Driver/Src/stm32l0xx_hal.c.obj
 .comment       0x000000000000004d       0x4e CMakeFiles/STM32L010_CLion.elf.dir/Drivers/STM32L0xx_HAL_Driver/Src/stm32l0xx_hal_adc.c.obj
 .comment       0x000000000000004d       0x4e CMakeFiles/STM32L010_CLion.elf.dir/Drivers/STM32L0xx_HAL_Driver/Src/stm32l0xx_hal_cortex.c.obj
 .comment       0x000000000000004d       0x4e CMakeFiles/STM32L010_CLion.elf.dir/Drivers/STM32L0xx_HAL_Driver/Src/stm32l0xx_hal_gpio.c.obj
 .comment       0x000000000000004d       0x4e CMakeFiles/STM32L010_CLion.elf.dir/Drivers/STM32L0xx_HAL_Driver/Src/stm32l0xx_hal_rcc.c.obj

.debug_frame    0x0000000000000000      0xc0c
 .debug_frame   0x0000000000000000       0xb4 CMakeFiles/STM32L010_CLion.elf.dir/Core/Src/main.c.obj
 .debug_frame   0x00000000000000b4       0x54 CMakeFiles/STM32L010_CLion.elf.dir/Core/Src/stm32l0xx_hal_msp.c.obj
 .debug_frame   0x0000000000000108       0x80 CMakeFiles/STM32L010_CLion.elf.dir/Core/Src/stm32l0xx_it.c.obj
 .debug_frame   0x0000000000000188       0x38 CMakeFiles/STM32L010_CLion.elf.dir/Core/Src/system_stm32l0xx.c.obj
 .debug_frame   0x00000000000001c0      0x22c CMakeFiles/STM32L010_CLion.elf.dir/Drivers/STM32L0xx_HAL_Driver/Src/stm32l0xx_hal.c.obj
 .debug_frame   0x00000000000003ec      0x2b8 CMakeFiles/STM32L010_CLion.elf.dir/Drivers/STM32L0xx_HAL_Driver/Src/stm32l0xx_hal_adc.c.obj
 .debug_frame   0x00000000000006a4       0xe4 CMakeFiles/STM32L010_CLion.elf.dir/Drivers/STM32L0xx_HAL_Driver/Src/stm32l0xx_hal_cortex.c.obj
 .debug_frame   0x0000000000000788       0xc0 CMakeFiles/STM32L010_CLion.elf.dir/Drivers/STM32L0xx_HAL_Driver/Src/stm32l0xx_hal_gpio.c.obj
 .debug_frame   0x0000000000000848      0x144 CMakeFiles/STM32L010_CLion.elf.dir/Drivers/STM32L0xx_HAL_Driver/Src/stm32l0xx_hal_rcc.c.obj
 .debug_frame   0x000000000000098c       0x20 /usr/local/Caskroom/gcc-arm-embedded/10-2020-q4-major/gcc-arm-none-eabi-10-2020-q4-major/bin/../lib/gcc/arm-none-eabi/10.2.1/thumb/v6-m/nofp/libgcc.a(_udivsi3.o)
 .debug_frame   0x00000000000009ac       0x34 /usr/local/Caskroom/gcc-arm-embedded/10-2020-q4-major/gcc-arm-none-eabi-10-2020-q4-major/bin/../lib/gcc/arm-none-eabi/10.2.1/thumb/v6-m/nofp/libgcc.a(_muldi3.o)
 .debug_frame   0x00000000000009e0       0x3c /usr/local/Caskroom/gcc-arm-embedded/10-2020-q4-major/gcc-arm-none-eabi-10-2020-q4-major/bin/../lib/gcc/arm-none-eabi/10.2.1/thumb/v6-m/nofp/libgcc.a(_udivmoddi4.o)
 .debug_frame   0x0000000000000a1c       0x2c /usr/local/Caskroom/gcc-arm-embedded/10-2020-q4-major/gcc-arm-none-eabi-10-2020-q4-major/bin/../lib/gcc/arm-none-eabi/10.2.1/../../../../arm-none-eabi/lib/thumb/v6-m/nofp/libg.a(lib_a-init.o)
 .debug_frame   0x0000000000000a48       0x30 /usr/local/Caskroom/gcc-arm-embedded/10-2020-q4-major/gcc-arm-none-eabi-10-2020-q4-major/bin/../lib/gcc/arm-none-eabi/10.2.1/../../../../arm-none-eabi/lib/thumb/v6-m/nofp/libg.a(lib_a-memset.o)
 .debug_frame   0x0000000000000a78       0x54 /usr/local/Caskroom/gcc-arm-embedded/10-2020-q4-major/gcc-arm-none-eabi-10-2020-q4-major/bin/../lib/gcc/arm-none-eabi/10.2.1/../../../../arm-none-eabi/lib/thumb/v6-m/nofp/libg.a(lib_a-__call_atexit.o)
 .debug_frame   0x0000000000000acc       0x28 /usr/local/Caskroom/gcc-arm-embedded/10-2020-q4-major/gcc-arm-none-eabi-10-2020-q4-major/bin/../lib/gcc/arm-none-eabi/10.2.1/../../../../arm-none-eabi/lib/thumb/v6-m/nofp/libg.a(lib_a-atexit.o)
 .debug_frame   0x0000000000000af4       0x2c /usr/local/Caskroom/gcc-arm-embedded/10-2020-q4-major/gcc-arm-none-eabi-10-2020-q4-major/bin/../lib/gcc/arm-none-eabi/10.2.1/../../../../arm-none-eabi/lib/thumb/v6-m/nofp/libg.a(lib_a-fini.o)
 .debug_frame   0x0000000000000b20       0xb0 /usr/local/Caskroom/gcc-arm-embedded/10-2020-q4-major/gcc-arm-none-eabi-10-2020-q4-major/bin/../lib/gcc/arm-none-eabi/10.2.1/../../../../arm-none-eabi/lib/thumb/v6-m/nofp/libg.a(lib_a-lock.o)
 .debug_frame   0x0000000000000bd0       0x3c /usr/local/Caskroom/gcc-arm-embedded/10-2020-q4-major/gcc-arm-none-eabi-10-2020-q4-major/bin/../lib/gcc/arm-none-eabi/10.2.1/../../../../arm-none-eabi/lib/thumb/v6-m/nofp/libg.a(lib_a-__atexit.o)
