Archive member included to satisfy reference by file (symbol)

/usr/local/Caskroom/gcc-arm-embedded/10-2020-q4-major/gcc-arm-none-eabi-10-2020-q4-major/bin/../lib/gcc/arm-none-eabi/10.2.1/thumb/v6-m/nofp/libgcc.a(_udivsi3.o)
                              CMakeFiles/STM32L010_CLion.elf.dir/Core/Src/main.c.obj (__aeabi_uidiv)
/usr/local/Caskroom/gcc-arm-embedded/10-2020-q4-major/gcc-arm-none-eabi-10-2020-q4-major/bin/../lib/gcc/arm-none-eabi/10.2.1/thumb/v6-m/nofp/libgcc.a(_dvmd_tls.o)
                              /usr/local/Caskroom/gcc-arm-embedded/10-2020-q4-major/gcc-arm-none-eabi-10-2020-q4-major/bin/../lib/gcc/arm-none-eabi/10.2.1/thumb/v6-m/nofp/libgcc.a(_udivsi3.o) (__aeabi_idiv0)
/usr/local/Caskroom/gcc-arm-embedded/10-2020-q4-major/gcc-arm-none-eabi-10-2020-q4-major/bin/../lib/gcc/arm-none-eabi/10.2.1/thumb/v6-m/nofp/libgcc.a(_aeabi_uldivmod.o)
                              CMakeFiles/STM32L010_CLion.elf.dir/Drivers/STM32L0xx_HAL_Driver/Src/stm32l0xx_hal_rcc.c.obj (__aeabi_uldivmod)
/usr/local/Caskroom/gcc-arm-embedded/10-2020-q4-major/gcc-arm-none-eabi-10-2020-q4-major/bin/../lib/gcc/arm-none-eabi/10.2.1/thumb/v6-m/nofp/libgcc.a(_muldi3.o)
                              CMakeFiles/STM32L010_CLion.elf.dir/Drivers/STM32L0xx_HAL_Driver/Src/stm32l0xx_hal_rcc.c.obj (__aeabi_lmul)
/usr/local/Caskroom/gcc-arm-embedded/10-2020-q4-major/gcc-arm-none-eabi-10-2020-q4-major/bin/../lib/gcc/arm-none-eabi/10.2.1/thumb/v6-m/nofp/libgcc.a(_fixunsdfsi.o)
                              CMakeFiles/STM32L010_CLion.elf.dir/Core/Src/main.c.obj (__aeabi_d2uiz)
/usr/local/Caskroom/gcc-arm-embedded/10-2020-q4-major/gcc-arm-none-eabi-10-2020-q4-major/bin/../lib/gcc/arm-none-eabi/10.2.1/thumb/v6-m/nofp/libgcc.a(_udivmoddi4.o)
                              /usr/local/Caskroom/gcc-arm-embedded/10-2020-q4-major/gcc-arm-none-eabi-10-2020-q4-major/bin/../lib/gcc/arm-none-eabi/10.2.1/thumb/v6-m/nofp/libgcc.a(_aeabi_uldivmod.o) (__udivmoddi4)
/usr/local/Caskroom/gcc-arm-embedded/10-2020-q4-major/gcc-arm-none-eabi-10-2020-q4-major/bin/../lib/gcc/arm-none-eabi/10.2.1/thumb/v6-m/nofp/libgcc.a(muldf3.o)
                              CMakeFiles/STM32L010_CLion.elf.dir/Core/Src/main.c.obj (__aeabi_dmul)
/usr/local/Caskroom/gcc-arm-embedded/10-2020-q4-major/gcc-arm-none-eabi-10-2020-q4-major/bin/../lib/gcc/arm-none-eabi/10.2.1/thumb/v6-m/nofp/libgcc.a(subdf3.o)
                              /usr/local/Caskroom/gcc-arm-embedded/10-2020-q4-major/gcc-arm-none-eabi-10-2020-q4-major/bin/../lib/gcc/arm-none-eabi/10.2.1/thumb/v6-m/nofp/libgcc.a(_fixunsdfsi.o) (__aeabi_dsub)
/usr/local/Caskroom/gcc-arm-embedded/10-2020-q4-major/gcc-arm-none-eabi-10-2020-q4-major/bin/../lib/gcc/arm-none-eabi/10.2.1/thumb/v6-m/nofp/libgcc.a(fixdfsi.o)
                              /usr/local/Caskroom/gcc-arm-embedded/10-2020-q4-major/gcc-arm-none-eabi-10-2020-q4-major/bin/../lib/gcc/arm-none-eabi/10.2.1/thumb/v6-m/nofp/libgcc.a(_fixunsdfsi.o) (__aeabi_d2iz)
/usr/local/Caskroom/gcc-arm-embedded/10-2020-q4-major/gcc-arm-none-eabi-10-2020-q4-major/bin/../lib/gcc/arm-none-eabi/10.2.1/thumb/v6-m/nofp/libgcc.a(floatunsidf.o)
                              CMakeFiles/STM32L010_CLion.elf.dir/Core/Src/main.c.obj (__aeabi_ui2d)
/usr/local/Caskroom/gcc-arm-embedded/10-2020-q4-major/gcc-arm-none-eabi-10-2020-q4-major/bin/../lib/gcc/arm-none-eabi/10.2.1/thumb/v6-m/nofp/libgcc.a(_arm_cmpdf2.o)
                              /usr/local/Caskroom/gcc-arm-embedded/10-2020-q4-major/gcc-arm-none-eabi-10-2020-q4-major/bin/../lib/gcc/arm-none-eabi/10.2.1/thumb/v6-m/nofp/libgcc.a(_fixunsdfsi.o) (__aeabi_dcmpge)
/usr/local/Caskroom/gcc-arm-embedded/10-2020-q4-major/gcc-arm-none-eabi-10-2020-q4-major/bin/../lib/gcc/arm-none-eabi/10.2.1/thumb/v6-m/nofp/libgcc.a(_clzsi2.o)
                              /usr/local/Caskroom/gcc-arm-embedded/10-2020-q4-major/gcc-arm-none-eabi-10-2020-q4-major/bin/../lib/gcc/arm-none-eabi/10.2.1/thumb/v6-m/nofp/libgcc.a(muldf3.o) (__clzsi2)
/usr/local/Caskroom/gcc-arm-embedded/10-2020-q4-major/gcc-arm-none-eabi-10-2020-q4-major/bin/../lib/gcc/arm-none-eabi/10.2.1/thumb/v6-m/nofp/libgcc.a(_clzdi2.o)
                              /usr/local/Caskroom/gcc-arm-embedded/10-2020-q4-major/gcc-arm-none-eabi-10-2020-q4-major/bin/../lib/gcc/arm-none-eabi/10.2.1/thumb/v6-m/nofp/libgcc.a(_udivmoddi4.o) (__clzdi2)
/usr/local/Caskroom/gcc-arm-embedded/10-2020-q4-major/gcc-arm-none-eabi-10-2020-q4-major/bin/../lib/gcc/arm-none-eabi/10.2.1/thumb/v6-m/nofp/libgcc.a(eqdf2.o)
                              /usr/local/Caskroom/gcc-arm-embedded/10-2020-q4-major/gcc-arm-none-eabi-10-2020-q4-major/bin/../lib/gcc/arm-none-eabi/10.2.1/thumb/v6-m/nofp/libgcc.a(_arm_cmpdf2.o) (__eqdf2)
/usr/local/Caskroom/gcc-arm-embedded/10-2020-q4-major/gcc-arm-none-eabi-10-2020-q4-major/bin/../lib/gcc/arm-none-eabi/10.2.1/thumb/v6-m/nofp/libgcc.a(gedf2.o)
[...]
Memory Configuration

Name             Origin             Length             Attributes
RAM              0x0000000020000000 0x0000000000002000 xrw
FLASH            0x0000000008000000 0x0000000000010000 xr
*default*        0x0000000000000000 0xffffffffffffffff

Linker script and memory map

LOAD /usr/local/Caskroom/gcc-arm-embedded/10-2020-q4-major/gcc-arm-none-eabi-10-2020-q4-major/bin/../lib/gcc/arm-none-eabi/10.2.1/thumb/v6-m/nofp/crti.o
LOAD /usr/local/Caskroom/gcc-arm-embedded/10-2020-q4-major/gcc-arm-none-eabi-10-2020-q4-major/bin/../lib/gcc/arm-none-eabi/10.2.1/thumb/v6-m/nofp/crtbegin.o
LOAD /usr/local/Caskroom/gcc-arm-embedded/10-2020-q4-major/gcc-arm-none-eabi-10-2020-q4-major/bin/../lib/gcc/arm-none-eabi/10.2.1/../../../../arm-none-eabi/lib/thumb/v6-m/nofp/crt0.o
LOAD CMakeFiles/STM32L010_CLion.elf.dir/Core/Src/main.c.obj
LOAD CMakeFiles/STM32L010_CLion.elf.dir/Core/Src/stm32l0xx_hal_msp.c.obj
LOAD CMakeFiles/STM32L010_CLion.elf.dir/Core/Src/stm32l0xx_it.c.obj
LOAD CMakeFiles/STM32L010_CLion.elf.dir/Core/Src/syscalls.c.obj
LOAD CMakeFiles/STM32L010_CLion.elf.dir/Core/Src/system_stm32l0xx.c.obj
LOAD CMakeFiles/STM32L010_CLion.elf.dir/Drivers/STM32L0xx_HAL_Driver/Src/stm32l0xx_hal.c.obj
LOAD CMakeFiles/STM32L010_CLion.elf.dir/Drivers/STM32L0xx_HAL_Driver/Src/stm32l0xx_hal_adc.c.obj
LOAD CMakeFiles/STM32L010_CLion.elf.dir/Drivers/STM32L0xx_HAL_Driver/Src/stm32l0xx_hal_adc_ex.c.obj
LOAD CMakeFiles/STM32L010_CLion.elf.dir/Drivers/STM32L0xx_HAL_Driver/Src/stm32l0xx_hal_cortex.c.obj
LOAD CMakeFiles/STM32L010_CLion.elf.dir/Drivers/STM32L0xx_HAL_Driver/Src/stm32l0xx_hal_dma.c.obj
LOAD CMakeFiles/STM32L010_CLion.elf.dir/Drivers/STM32L0xx_HAL_Driver/Src/stm32l0xx_hal_exti.c.obj
LOAD CMakeFiles/STM32L010_CLion.elf.dir/Drivers/STM32L0xx_HAL_Driver/Src/stm32l0xx_hal_flash.c.obj
LOAD CMakeFiles/STM32L010_CLion.elf.dir/Drivers/STM32L0xx_HAL_Driver/Src/stm32l0xx_hal_flash_ex.c.obj
LOAD CMakeFiles/STM32L010_CLion.elf.dir/Drivers/STM32L0xx_HAL_Driver/Src/stm32l0xx_hal_flash_ramfunc.c.obj
LOAD CMakeFiles/STM32L010_CLion.elf.dir/Drivers/STM32L0xx_HAL_Driver/Src/stm32l0xx_hal_gpio.c.obj
LOAD CMakeFiles/STM32L010_CLion.elf.dir/Drivers/STM32L0xx_HAL_Driver/Src/stm32l0xx_hal_i2c.c.obj
LOAD CMakeFiles/STM32L010_CLion.elf.dir/Drivers/STM32L0xx_HAL_Driver/Src/stm32l0xx_hal_i2c_ex.c.obj
LOAD CMakeFiles/STM32L010_CLion.elf.dir/Drivers/STM32L0xx_HAL_Driver/Src/stm32l0xx_hal_pwr.c.obj
LOAD CMakeFiles/STM32L010_CLion.elf.dir/Drivers/STM32L0xx_HAL_Driver/Src/stm32l0xx_hal_pwr_ex.c.obj
LOAD CMakeFiles/STM32L010_CLion.elf.dir/Drivers/STM32L0xx_HAL_Driver/Src/stm32l0xx_hal_rcc.c.obj
LOAD CMakeFiles/STM32L010_CLion.elf.dir/Drivers/STM32L0xx_HAL_Driver/Src/stm32l0xx_hal_rcc_ex.c.obj
LOAD CMakeFiles/STM32L010_CLion.elf.dir/Drivers/STM32L0xx_HAL_Driver/Src/stm32l0xx_hal_tim.c.obj
LOAD CMakeFiles/STM32L010_CLion.elf.dir/Drivers/STM32L0xx_HAL_Driver/Src/stm32l0xx_hal_tim_ex.c.obj
LOAD CMakeFiles/STM32L010_CLion.elf.dir/startup/startup_stm32l010x8.s.obj
START GROUP
LOAD /usr/local/Caskroom/gcc-arm-embedded/10-2020-q4-major/gcc-arm-none-eabi-10-2020-q4-major/bin/../lib/gcc/arm-none-eabi/10.2.1/thumb/v6-m/nofp/libgcc.a
LOAD /usr/local/Caskroom/gcc-arm-embedded/10-2020-q4-major/gcc-arm-none-eabi-10-2020-q4-major/bin/../lib/gcc/arm-none-eabi/10.2.1/../../../../arm-none-eabi/lib/thumb/v6-m/nofp/libg.a
LOAD /usr/local/Caskroom/gcc-arm-embedded/10-2020-q4-major/gcc-arm-none-eabi-10-2020-q4-major/bin/../lib/gcc/arm-none-eabi/10.2.1/../../../../arm-none-eabi/lib/thumb/v6-m/nofp/libc.a
END GROUP
LOAD /usr/local/Caskroom/gcc-arm-embedded/10-2020-q4-major/gcc-arm-none-eabi-10-2020-q4-major/bin/../lib/gcc/arm-none-eabi/10.2.1/thumb/v6-m/nofp/crtend.o
LOAD /usr/local/Caskroom/gcc-arm-embedded/10-2020-q4-major/gcc-arm-none-eabi-10-2020-q4-major/bin/../lib/gcc/arm-none-eabi/10.2.1/thumb/v6-m/nofp/crtn.o
                0x0000000020002000                _estack = 0x20002000
                0x0000000000000200                _Min_Heap_Size = 0x200
                0x0000000000000300                _Min_Stack_Size = 0x300

.isr_vector     0x0000000008000000       0xc0
                0x0000000008000000                . = ALIGN (0x4)
 *(.isr_vector)
 .isr_vector    0x0000000008000000       0xc0 CMakeFiles/STM32L010_CLion.elf.dir/startup/startup_stm32l010x8.s.obj
                0x0000000008000000                g_pfnVectors
                0x00000000080000c0                . = ALIGN (0x4)

.text           0x00000000080000c0     0x2ab4
                0x00000000080000c0                . = ALIGN (0x4)
 *(.text)
 .text          0x00000000080000c0       0x48 /usr/local/Caskroom/gcc-arm-embedded/10-2020-q4-major/gcc-arm-none-eabi-10-2020-q4-major/bin/../lib/gcc/arm-none-eabi/10.2.1/thumb/v6-m/nofp/crtbegin.o
 .text          0x0000000008000108      0x114 /usr/local/Caskroom/gcc-arm-embedded/10-2020-q4-major/gcc-arm-none-eabi-10-2020-q4-major/bin/../lib/gcc/arm-none-eabi/10.2.1/thumb/v6-m/nofp/libgcc.a(_udivsi3.o)
                0x0000000008000108                __udivsi3
                0x0000000008000108                __aeabi_uidiv
                0x0000000008000214                __aeabi_uidivmod
 .text          0x000000000800021c        0x4 /usr/local/Caskroom/gcc-arm-embedded/10-2020-q4-major/gcc-arm-none-eabi-10-2020-q4-major/bin/../lib/gcc/arm-none-eabi/10.2.1/thumb/v6-m/nofp/libgcc.a(_dvmd_tls.o)
                0x000000000800021c                __aeabi_ldiv0
                0x000000000800021c                __aeabi_idiv0
 .text          0x0000000008000220       0x40 /usr/local/Caskroom/gcc-arm-embedded/10-2020-q4-major/gcc-arm-none-eabi-10-2020-q4-major/bin/../lib/gcc/arm-none-eabi/10.2.1/thumb/v6-m/nofp/libgcc.a(_aeabi_uldivmod.o)
                0x0000000008000220                __aeabi_uldivmod
 .text          0x0000000008000260       0x5c /usr/local/Caskroom/gcc-arm-embedded/10-2020-q4-major/gcc-arm-none-eabi-10-2020-q4-major/bin/../lib/gcc/arm-none-eabi/10.2.1/thumb/v6-m/nofp/libgcc.a(_muldi3.o)
                0x0000000008000260                __aeabi_lmul
                0x0000000008000260                __muldi3
 .text          0x00000000080002bc       0x3c /usr/local/Caskroom/gcc-arm-embedded/10-2020-q4-major/gcc-arm-none-eabi-10-2020-q4-major/bin/../lib/gcc/arm-none-eabi/10.2.1/thumb/v6-m/nofp/libgcc.a(_fixunsdfsi.o)
                0x00000000080002bc                __fixunsdfsi
                0x00000000080002bc                __aeabi_d2uiz
 .text          0x00000000080002f8      0x198 /usr/local/Caskroom/gcc-arm-embedded/10-2020-q4-major/gcc-arm-none-eabi-10-2020-q4-major/bin/../lib/gcc/arm-none-eabi/10.2.1/thumb/v6-m/nofp/libgcc.a(_udivmoddi4.o)
                0x00000000080002f8                __udivmoddi4
 .text          0x0000000008000490      0x4dc /usr/local/Caskroom/gcc-arm-embedded/10-2020-q4-major/gcc-arm-none-eabi-10-2020-q4-major/bin/../lib/gcc/arm-none-eabi/10.2.1/thumb/v6-m/nofp/libgcc.a(muldf3.o)
                0x0000000008000490                __aeabi_dmul
 .text          0x000000000800096c      0x724 /usr/local/Caskroom/gcc-arm-embedded/10-2020-q4-major/gcc-arm-none-eabi-10-2020-q4-major/bin/../lib/gcc/arm-none-eabi/10.2.1/thumb/v6-m/nofp/libgcc.a(subdf3.o)
                0x000000000800096c                __aeabi_dsub
 .text          0x0000000008001090       0x6c /usr/local/Caskroom/gcc-arm-embedded/10-2020-q4-major/gcc-arm-none-eabi-10-2020-q4-major/bin/../lib/gcc/arm-none-eabi/10.2.1/thumb/v6-m/nofp/libgcc.a(fixdfsi.o)
                0x0000000008001090                __aeabi_d2iz
 .text          0x00000000080010fc       0x4c /usr/local/Caskroom/gcc-arm-embedded/10-2020-q4-major/gcc-arm-none-eabi-10-2020-q4-major/bin/../lib/gcc/arm-none-eabi/10.2.1/thumb/v6-m/nofp/libgcc.a(floatunsidf.o)
                0x00000000080010fc                __aeabi_ui2d
 .text          0x0000000008001148       0x7c /usr/local/Caskroom/gcc-arm-embedded/10-2020-q4-major/gcc-arm-none-eabi-10-2020-q4-major/bin/../lib/gcc/arm-none-eabi/10.2.1/thumb/v6-m/nofp/libgcc.a(_arm_cmpdf2.o)
                0x0000000008001148                __aeabi_cdrcmple
                0x0000000008001158                __aeabi_cdcmple
                0x0000000008001158                __aeabi_cdcmpeq
                0x0000000008001168                __aeabi_dcmpeq
                0x0000000008001174                __aeabi_dcmplt
                0x0000000008001188                __aeabi_dcmple
                0x000000000800119c                __aeabi_dcmpgt
                0x00000000080011b0                __aeabi_dcmpge
 .text          0x00000000080011c4       0x3c /usr/local/Caskroom/gcc-arm-embedded/10-2020-q4-major/gcc-arm-none-eabi-10-2020-q4-major/bin/../lib/gcc/arm-none-eabi/10.2.1/thumb/v6-m/nofp/libgcc.a(_clzsi2.o)
                0x00000000080011c4                __clzsi2
 .text          0x0000000008001200       0x18 /usr/local/Caskroom/gcc-arm-embedded/10-2020-q4-major/gcc-arm-none-eabi-10-2020-q4-major/bin/../lib/gcc/arm-none-eabi/10.2.1/thumb/v6-m/nofp/libgcc.a(_clzdi2.o)
                0x0000000008001200                __clzdi2
 .text          0x0000000008001218       0x84 /usr/local/Caskroom/gcc-arm-embedded/10-2020-q4-major/gcc-arm-none-eabi-10-2020-q4-major/bin/../lib/gcc/arm-none-eabi/10.2.1/thumb/v6-m/nofp/libgcc.a(eqdf2.o)
                0x0000000008001218                __eqdf2
                0x0000000008001218                __nedf2
 .text          0x000000000800129c       0xcc /usr/local/Caskroom/gcc-arm-embedded/10-2020-q4-major/gcc-arm-none-eabi-10-2020-q4-major/bin/../lib/gcc/arm-none-eabi/10.2.1/thumb/v6-m/nofp/libgcc.a(gedf2.o)
                0x000000000800129c                __gtdf2
                0x000000000800129c                __gedf2
 .text          0x0000000008001368       0xc8 /usr/local/Caskroom/gcc-arm-embedded/10-2020-q4-major/gcc-arm-none-eabi-10-2020-q4-major/bin/../lib/gcc/arm-none-eabi/10.2.1/thumb/v6-m/nofp/libgcc.a(ledf2.o)
                0x0000000008001368                __ltdf2
                0x0000000008001368                __ledf2
 *(.text*)
 .text.MX_GPIO_Init
                0x0000000008001430       0xe4 CMakeFiles/STM32L010_CLion.elf.dir/Core/Src/main.c.obj
 .text.showChar
                0x0000000008001514      0x100 CMakeFiles/STM32L010_CLion.elf.dir/Core/Src/main.c.obj
                0x0000000008001514                showChar
 .text.displayInMode
                0x0000000008001614      0x2a0 CMakeFiles/STM32L010_CLion.elf.dir/Core/Src/main.c.obj
 .text.HAL_GPIO_EXTI_Callback
                0x00000000080018b4       0xf0 CMakeFiles/STM32L010_CLion.elf.dir/Core/Src/main.c.obj
                0x00000000080018b4                HAL_GPIO_EXTI_Callback
 .text.Error_Handler
                0x00000000080019a4        0x4 CMakeFiles/STM32L010_CLion.elf.dir/Core/Src/main.c.obj
                0x00000000080019a4                Error_Handler
 .text.MX_ADC_Init
                0x00000000080019a8       0x80 CMakeFiles/STM32L010_CLion.elf.dir/Core/Src/main.c.obj
 .text.SystemClock_Config
                0x0000000008001a28       0x74 CMakeFiles/STM32L010_CLion.elf.dir/Core/Src/main.c.obj
                0x0000000008001a28                SystemClock_Config
 .text.main     0x0000000008001a9c       0x74 CMakeFiles/STM32L010_CLion.elf.dir/Core/Src/main.c.obj
                0x0000000008001a9c                main
 .text.HAL_MspInit
                0x0000000008001b10       0x1c CMakeFiles/STM32L010_CLion.elf.dir/Core/Src/stm32l0xx_hal_msp.c.obj
                0x0000000008001b10                HAL_MspInit
 .text.HAL_ADC_MspInit
                0x0000000008001b2c       0x54 CMakeFiles/STM32L010_CLion.elf.dir/Core/Src/stm32l0xx_hal_msp.c.obj
                0x0000000008001b2c                HAL_ADC_MspInit
 .text.NMI_Handler
                0x0000000008001b80        0x2 CMakeFiles/STM32L010_CLion.elf.dir/Core/Src/stm32l0xx_it.c.obj
                0x0000000008001b80                NMI_Handler
 .text.HardFault_Handler
                0x0000000008001b82        0x2 CMakeFiles/STM32L010_CLion.elf.dir/Core/Src/stm32l0xx_it.c.obj
                0x0000000008001b82                HardFault_Handler
 .text.SVC_Handler
                0x0000000008001b84        0x2 CMakeFiles/STM32L010_CLion.elf.dir/Core/Src/stm32l0xx_it.c.obj
                0x0000000008001b84                SVC_Handler
 .text.PendSV_Handler
                0x0000000008001b86        0x2 CMakeFiles/STM32L010_CLion.elf.dir/Core/Src/stm32l0xx_it.c.obj
                0x0000000008001b86                PendSV_Handler
 .text.SysTick_Handler
                0x0000000008001b88        0x8 CMakeFiles/STM32L010_CLion.elf.dir/Core/Src/stm32l0xx_it.c.obj
                0x0000000008001b88                SysTick_Handler
 .text.EXTI4_15_IRQHandler
                0x0000000008001b90       0x14 CMakeFiles/STM32L010_CLion.elf.dir/Core/Src/stm32l0xx_it.c.obj
                0x0000000008001b90                EXTI4_15_IRQHandler
 .text.SystemInit
                0x0000000008001ba4        0x2 CMakeFiles/STM32L010_CLion.elf.dir/Core/Src/system_stm32l0xx.c.obj
                0x0000000008001ba4                SystemInit
 *fill*         0x0000000008001ba6        0x2 
 .text.HAL_InitTick
                0x0000000008001ba8       0x50 CMakeFiles/STM32L010_CLion.elf.dir/Drivers/STM32L0xx_HAL_Driver/Src/stm32l0xx_hal.c.obj
                0x0000000008001ba8                HAL_InitTick
 .text.HAL_Init
                0x0000000008001bf8       0x28 CMakeFiles/STM32L010_CLion.elf.dir/Drivers/STM32L0xx_HAL_Driver/Src/stm32l0xx_hal.c.obj
                0x0000000008001bf8                HAL_Init
 .text.HAL_IncTick
                0x0000000008001c20       0x18 CMakeFiles/STM32L010_CLion.elf.dir/Drivers/STM32L0xx_HAL_Driver/Src/stm32l0xx_hal.c.obj
                0x0000000008001c20                HAL_IncTick
 .text.HAL_GetTick
                0x0000000008001c38        0xc CMakeFiles/STM32L010_CLion.elf.dir/Drivers/STM32L0xx_HAL_Driver/Src/stm32l0xx_hal.c.obj
                0x0000000008001c38                HAL_GetTick
 .text.HAL_Delay
                0x0000000008001c44       0x24 CMakeFiles/STM32L010_CLion.elf.dir/Drivers/STM32L0xx_HAL_Driver/Src/stm32l0xx_hal.c.obj
                0x0000000008001c44                HAL_Delay
 .text.HAL_ADC_Init
                0x0000000008001c68      0x1ec CMakeFiles/STM32L010_CLion.elf.dir/Drivers/STM32L0xx_HAL_Driver/Src/stm32l0xx_hal_adc.c.obj
                0x0000000008001c68                HAL_ADC_Init
 .text.HAL_ADC_ConfigChannel
                0x0000000008001e54       0x88 CMakeFiles/STM32L010_CLion.elf.dir/Drivers/STM32L0xx_HAL_Driver/Src/stm32l0xx_hal_adc.c.obj
                0x0000000008001e54                HAL_ADC_ConfigChannel
 .text.HAL_NVIC_SetPriority
                0x0000000008001edc       0x60 CMakeFiles/STM32L010_CLion.elf.dir/Drivers/STM32L0xx_HAL_Driver/Src/stm32l0xx_hal_cortex.c.obj
                0x0000000008001edc                HAL_NVIC_SetPriority
 .text.HAL_NVIC_EnableIRQ
                0x0000000008001f3c       0x18 CMakeFiles/STM32L010_CLion.elf.dir/Drivers/STM32L0xx_HAL_Driver/Src/stm32l0xx_hal_cortex.c.obj
                0x0000000008001f3c                HAL_NVIC_EnableIRQ
 .text.HAL_SYSTICK_Config
                0x0000000008001f54       0x38 CMakeFiles/STM32L010_CLion.elf.dir/Drivers/STM32L0xx_HAL_Driver/Src/stm32l0xx_hal_cortex.c.obj
                0x0000000008001f54                HAL_SYSTICK_Config
 .text.HAL_GPIO_Init
                0x0000000008001f8c      0x190 CMakeFiles/STM32L010_CLion.elf.dir/Drivers/STM32L0xx_HAL_Driver/Src/stm32l0xx_hal_gpio.c.obj
                0x0000000008001f8c                HAL_GPIO_Init
 .text.HAL_GPIO_WritePin
                0x000000000800211c        0xc CMakeFiles/STM32L010_CLion.elf.dir/Drivers/STM32L0xx_HAL_Driver/Src/stm32l0xx_hal_gpio.c.obj
                0x000000000800211c                HAL_GPIO_WritePin
 .text.HAL_GPIO_EXTI_IRQHandler
                0x0000000008002128       0x1c CMakeFiles/STM32L010_CLion.elf.dir/Drivers/STM32L0xx_HAL_Driver/Src/stm32l0xx_hal_gpio.c.obj
                0x0000000008002128                HAL_GPIO_EXTI_IRQHandler
 .text.HAL_RCC_GetSysClockFreq
                0x0000000008002144       0xb0 CMakeFiles/STM32L010_CLion.elf.dir/Drivers/STM32L0xx_HAL_Driver/Src/stm32l0xx_hal_rcc.c.obj
                0x0000000008002144                HAL_RCC_GetSysClockFreq
 .text.HAL_RCC_OscConfig
                0x00000000080021f4      0x51c CMakeFiles/STM32L010_CLion.elf.dir/Drivers/STM32L0xx_HAL_Driver/Src/stm32l0xx_hal_rcc.c.obj
                0x00000000080021f4                HAL_RCC_OscConfig
 .text.HAL_RCC_ClockConfig
                0x0000000008002710      0x1d8 CMakeFiles/STM32L010_CLion.elf.dir/Drivers/STM32L0xx_HAL_Driver/Src/stm32l0xx_hal_rcc.c.obj
                0x0000000008002710                HAL_RCC_ClockConfig
 .text.Reset_Handler
                0x00000000080028e8       0x80 CMakeFiles/STM32L010_CLion.elf.dir/startup/startup_stm32l010x8.s.obj
                0x00000000080028e8                Reset_Handler
 .text.Default_Handler
                0x0000000008002968        0x2 CMakeFiles/STM32L010_CLion.elf.dir/startup/startup_stm32l010x8.s.obj
                0x0000000008002968                LPTIM1_IRQHandler
                0x0000000008002968                SPI1_IRQHandler
                0x0000000008002968                EXTI2_3_IRQHandler
                0x0000000008002968                ADC1_IRQHandler
                0x0000000008002968                RTC_IRQHandler
                0x0000000008002968                DMA1_Channel4_5_6_7_IRQHandler
                0x0000000008002968                RCC_IRQHandler
                0x0000000008002968                DMA1_Channel1_IRQHandler
                0x0000000008002968                Default_Handler
                0x0000000008002968                EXTI0_1_IRQHandler
                0x0000000008002968                TIM21_IRQHandler
                0x0000000008002968                WWDG_IRQHandler
                0x0000000008002968                LPUART1_IRQHandler
                0x0000000008002968                TIM2_IRQHandler
                0x0000000008002968                DMA1_Channel2_3_IRQHandler
                0x0000000008002968                USART2_IRQHandler
                0x0000000008002968                FLASH_IRQHandler
                0x0000000008002968                I2C1_IRQHandler
 *fill*         0x000000000800296a        0x2 
 .text.__libc_init_array
                0x000000000800296c       0x44 /usr/local/Caskroom/gcc-arm-embedded/10-2020-q4-major/gcc-arm-none-eabi-10-2020-q4-major/bin/../lib/gcc/arm-none-eabi/10.2.1/../../../../arm-none-eabi/lib/thumb/v6-m/nofp/libg.a(lib_a-init.o)
                0x000000000800296c                __libc_init_array
 .text.memset   0x00000000080029b0       0xa8 /usr/local/Caskroom/gcc-arm-embedded/10-2020-q4-major/gcc-arm-none-eabi-10-2020-q4-major/bin/../lib/gcc/arm-none-eabi/10.2.1/../../../../arm-none-eabi/lib/thumb/v6-m/nofp/libg.a(lib_a-memset.o)
                0x00000000080029b0                memset
 .text.startup.register_fini
                0x0000000008002a58       0x18 /usr/local/Caskroom/gcc-arm-embedded/10-2020-q4-major/gcc-arm-none-eabi-10-2020-q4-major/bin/../lib/gcc/arm-none-eabi/10.2.1/../../../../arm-none-eabi/lib/thumb/v6-m/nofp/libg.a(lib_a-__call_atexit.o)
 .text.atexit   0x0000000008002a70       0x10 /usr/local/Caskroom/gcc-arm-embedded/10-2020-q4-major/gcc-arm-none-eabi-10-2020-q4-major/bin/../lib/gcc/arm-none-eabi/10.2.1/../../../../arm-none-eabi/lib/thumb/v6-m/nofp/libg.a(lib_a-atexit.o)
                0x0000000008002a70                atexit
 .text.__libc_fini_array
                0x0000000008002a80       0x28 /usr/local/Caskroom/gcc-arm-embedded/10-2020-q4-major/gcc-arm-none-eabi-10-2020-q4-major/bin/../lib/gcc/arm-none-eabi/10.2.1/../../../../arm-none-eabi/lib/thumb/v6-m/nofp/libg.a(lib_a-fini.o)
                0x0000000008002a80                __libc_fini_array
 .text.__retarget_lock_acquire_recursive
                0x0000000008002aa8        0x4 /usr/local/Caskroom/gcc-arm-embedded/10-2020-q4-major/gcc-arm-none-eabi-10-2020-q4-major/bin/../lib/gcc/arm-none-eabi/10.2.1/../../../../arm-none-eabi/lib/thumb/v6-m/nofp/libg.a(lib_a-lock.o)
                0x0000000008002aa8                __retarget_lock_acquire_recursive
 .text.__retarget_lock_release_recursive
                0x0000000008002aac        0x4 /usr/local/Caskroom/gcc-arm-embedded/10-2020-q4-major/gcc-arm-none-eabi-10-2020-q4-major/bin/../lib/gcc/arm-none-eabi/10.2.1/../../../../arm-none-eabi/lib/thumb/v6-m/nofp/libg.a(lib_a-lock.o)
                0x0000000008002aac                __retarget_lock_release_recursive
 .text.__register_exitproc
                0x0000000008002ab0       0xac /usr/local/Caskroom/gcc-arm-embedded/10-2020-q4-major/gcc-arm-none-eabi-10-2020-q4-major/bin/../lib/gcc/arm-none-eabi/10.2.1/../../../../arm-none-eabi/lib/thumb/v6-m/nofp/libg.a(lib_a-__atexit.o)
                0x0000000008002ab0                __register_exitproc
 *(.glue_7)
 .glue_7        0x0000000008002b5c        0x0 linker stubs
 *(.glue_7t)
 .glue_7t       0x0000000008002b5c        0x0 linker stubs
 *(.eh_frame)
 .eh_frame      0x0000000008002b5c        0x0 /usr/local/Caskroom/gcc-arm-embedded/10-2020-q4-major/gcc-arm-none-eabi-10-2020-q4-major/bin/../lib/gcc/arm-none-eabi/10.2.1/thumb/v6-m/nofp/crtbegin.o
 *(.init)
 .init          0x0000000008002b5c        0x4 /usr/local/Caskroom/gcc-arm-embedded/10-2020-q4-major/gcc-arm-none-eabi-10-2020-q4-major/bin/../lib/gcc/arm-none-eabi/10.2.1/thumb/v6-m/nofp/crti.o
                0x0000000008002b5c                _init
 .init          0x0000000008002b60        0x8 /usr/local/Caskroom/gcc-arm-embedded/10-2020-q4-major/gcc-arm-none-eabi-10-2020-q4-major/bin/../lib/gcc/arm-none-eabi/10.2.1/thumb/v6-m/nofp/crtn.o
 *(.fini)
 .fini          0x0000000008002b68        0x4 /usr/local/Caskroom/gcc-arm-embedded/10-2020-q4-major/gcc-arm-none-eabi-10-2020-q4-major/bin/../lib/gcc/arm-none-eabi/10.2.1/thumb/v6-m/nofp/crti.o
                0x0000000008002b68                _fini
 .fini          0x0000000008002b6c        0x8 /usr/local/Caskroom/gcc-arm-embedded/10-2020-q4-major/gcc-arm-none-eabi-10-2020-q4-major/bin/../lib/gcc/arm-none-eabi/10.2.1/thumb/v6-m/nofp/crtn.o
                0x0000000008002b74                . = ALIGN (0x4)
                0x0000000008002b74                _etext = .

.vfp11_veneer   0x0000000008002b74        0x0
 .vfp11_veneer  0x0000000008002b74        0x0 linker stubs

.v4_bx          0x0000000008002b74        0x0
 .v4_bx         0x0000000008002b74        0x0 linker stubs

.iplt           0x0000000008002b74        0x0
 .iplt          0x0000000008002b74        0x0 /usr/local/Caskroom/gcc-arm-embedded/10-2020-q4-major/gcc-arm-none-eabi-10-2020-q4-major/bin/../lib/gcc/arm-none-eabi/10.2.1/thumb/v6-m/nofp/crtbegin.o

.rodata         0x0000000008002b74      0x208
                0x0000000008002b74                . = ALIGN (0x4)
 *(.rodata)
 .rodata        0x0000000008002b74       0x40 /usr/local/Caskroom/gcc-arm-embedded/10-2020-q4-major/gcc-arm-none-eabi-10-2020-q4-major/bin/../lib/gcc/arm-none-eabi/10.2.1/thumb/v6-m/nofp/libgcc.a(muldf3.o)
 *(.rodata*)
 .rodata.CHARS  0x0000000008002bb4      0x1a8 CMakeFiles/STM32L010_CLion.elf.dir/Core/Src/main.c.obj
 .rodata.AHBPrescTable
                0x0000000008002d5c       0x10 CMakeFiles/STM32L010_CLion.elf.dir/Core/Src/system_stm32l0xx.c.obj
                0x0000000008002d5c                AHBPrescTable
 .rodata.PLLMulTable
                0x0000000008002d6c        0x9 CMakeFiles/STM32L010_CLion.elf.dir/Core/Src/system_stm32l0xx.c.obj
                0x0000000008002d6c                PLLMulTable
 *fill*         0x0000000008002d75        0x3 
 .rodata._global_impure_ptr
                0x0000000008002d78        0x4 /usr/local/Caskroom/gcc-arm-embedded/10-2020-q4-major/gcc-arm-none-eabi-10-2020-q4-major/bin/../lib/gcc/arm-none-eabi/10.2.1/../../../../arm-none-eabi/lib/thumb/v6-m/nofp/libg.a(lib_a-impure.o)
                0x0000000008002d78                _global_impure_ptr
                0x0000000008002d7c                . = ALIGN (0x4)

.ARM.extab
 *(.ARM.extab* .gnu.linkonce.armextab.*)

.ARM            0x0000000008002d7c        0x8
                0x0000000008002d7c                __exidx_start = .
 *(.ARM.exidx*)
 .ARM.exidx     0x0000000008002d7c        0x8 /usr/local/Caskroom/gcc-arm-embedded/10-2020-q4-major/gcc-arm-none-eabi-10-2020-q4-major/bin/../lib/gcc/arm-none-eabi/10.2.1/thumb/v6-m/nofp/libgcc.a(_udivmoddi4.o)
                0x0000000008002d84                __exidx_end = .

.rel.dyn        0x0000000008002d84        0x0
 .rel.iplt      0x0000000008002d84        0x0 /usr/local/Caskroom/gcc-arm-embedded/10-2020-q4-major/gcc-arm-none-eabi-10-2020-q4-major/bin/../lib/gcc/arm-none-eabi/10.2.1/thumb/v6-m/nofp/crtbegin.o

.preinit_array  0x0000000008002d84        0x0
                0x0000000008002d84                PROVIDE (__preinit_array_start = .)
 *(.preinit_array*)
                0x0000000008002d84                PROVIDE (__preinit_array_end = .)

.init_array     0x0000000008002d84        0x8
                0x0000000008002d84                PROVIDE (__init_array_start = .)
 *(SORT_BY_NAME(.init_array.*))
 .init_array.00000
                0x0000000008002d84        0x4 /usr/local/Caskroom/gcc-arm-embedded/10-2020-q4-major/gcc-arm-none-eabi-10-2020-q4-major/bin/../lib/gcc/arm-none-eabi/10.2.1/../../../../arm-none-eabi/lib/thumb/v6-m/nofp/libg.a(lib_a-__call_atexit.o)
 *(.init_array*)
 .init_array    0x0000000008002d88        0x4 /usr/local/Caskroom/gcc-arm-embedded/10-2020-q4-major/gcc-arm-none-eabi-10-2020-q4-major/bin/../lib/gcc/arm-none-eabi/10.2.1/thumb/v6-m/nofp/crtbegin.o
                0x0000000008002d8c                PROVIDE (__init_array_end = .)

.fini_array     0x0000000008002d8c        0x4
                0x0000000008002d8c                PROVIDE (__fini_array_start = .)
 *(SORT_BY_NAME(.fini_array.*))
 *(.fini_array*)
 .fini_array    0x0000000008002d8c        0x4 /usr/local/Caskroom/gcc-arm-embedded/10-2020-q4-major/gcc-arm-none-eabi-10-2020-q4-major/bin/../lib/gcc/arm-none-eabi/10.2.1/thumb/v6-m/nofp/crtbegin.o
                0x0000000008002d90                PROVIDE (__fini_array_end = .)
                0x0000000008002d90                _sidata = LOADADDR (.data)

.data           0x0000000020000000      0x43c load address 0x0000000008002d90
                0x0000000020000000                . = ALIGN (0x4)
                0x0000000020000000                _sdata = .
 *(.data)
 *(.data*)
 .data.state    0x0000000020000000        0x1 CMakeFiles/STM32L010_CLion.elf.dir/Core/Src/main.c.obj
                0x0000000020000000                state
 *fill*         0x0000000020000001        0x3 
 .data.SystemCoreClock
                0x0000000020000004        0x4 CMakeFiles/STM32L010_CLion.elf.dir/Core/Src/system_stm32l0xx.c.obj
                0x0000000020000004                SystemCoreClock
 .data.uwTickFreq
                0x0000000020000008        0x1 CMakeFiles/STM32L010_CLion.elf.dir/Drivers/STM32L0xx_HAL_Driver/Src/stm32l0xx_hal.c.obj
                0x0000000020000008                uwTickFreq
 *fill*         0x0000000020000009        0x3 
 .data.uwTickPrio
                0x000000002000000c        0x4 CMakeFiles/STM32L010_CLion.elf.dir/Drivers/STM32L0xx_HAL_Driver/Src/stm32l0xx_hal.c.obj
                0x000000002000000c                uwTickPrio
 .data.impure_data
                0x0000000020000010      0x428 /usr/local/Caskroom/gcc-arm-embedded/10-2020-q4-major/gcc-arm-none-eabi-10-2020-q4-major/bin/../lib/gcc/arm-none-eabi/10.2.1/../../../../arm-none-eabi/lib/thumb/v6-m/nofp/libg.a(lib_a-impure.o)
 .data.__atexit_recursive_mutex
                0x0000000020000438        0x4 /usr/local/Caskroom/gcc-arm-embedded/10-2020-q4-major/gcc-arm-none-eabi-10-2020-q4-major/bin/../lib/gcc/arm-none-eabi/10.2.1/../../../../arm-none-eabi/lib/thumb/v6-m/nofp/libg.a(lib_a-__call_atexit.o)
                0x0000000020000438                __atexit_recursive_mutex
                0x000000002000043c                . = ALIGN (0x4)
                0x000000002000043c                _edata = .

.igot.plt       0x000000002000043c        0x0 load address 0x00000000080031cc
 .igot.plt      0x000000002000043c        0x0 /usr/local/Caskroom/gcc-arm-embedded/10-2020-q4-major/gcc-arm-none-eabi-10-2020-q4-major/bin/../lib/gcc/arm-none-eabi/10.2.1/thumb/v6-m/nofp/crtbegin.o
                0x000000002000043c                . = ALIGN (0x4)

.bss            0x000000002000043c       0x9c load address 0x00000000080031cc
                0x000000002000043c                _sbss = .
                0x000000002000043c                __bss_start__ = _sbss
 *(.bss)
 .bss           0x000000002000043c       0x1c /usr/local/Caskroom/gcc-arm-embedded/10-2020-q4-major/gcc-arm-none-eabi-10-2020-q4-major/bin/../lib/gcc/arm-none-eabi/10.2.1/thumb/v6-m/nofp/crtbegin.o
 *(.bss*)
 .bss.animationIndex
                0x0000000020000458        0x1 CMakeFiles/STM32L010_CLion.elf.dir/Core/Src/main.c.obj
                0x0000000020000458                animationIndex
 *fill*         0x0000000020000459        0x3 
 .bss.hadc      0x000000002000045c       0x5c CMakeFiles/STM32L010_CLion.elf.dir/Core/Src/main.c.obj
                0x000000002000045c                hadc
 .bss.loopCount
                0x00000000200004b8        0x2 CMakeFiles/STM32L010_CLion.elf.dir/Core/Src/main.c.obj
                0x00000000200004b8                loopCount
 *fill*         0x00000000200004ba        0x2 
 .bss.loopTime  0x00000000200004bc        0x4 CMakeFiles/STM32L010_CLion.elf.dir/Core/Src/main.c.obj
                0x00000000200004bc                loopTime
 .bss.maxSpeedRpm
                0x00000000200004c0        0x2 CMakeFiles/STM32L010_CLion.elf.dir/Core/Src/main.c.obj
                0x00000000200004c0                maxSpeedRpm
 .bss.mode      0x00000000200004c2        0x1 CMakeFiles/STM32L010_CLion.elf.dir/Core/Src/main.c.obj
                0x00000000200004c2                mode
 *fill*         0x00000000200004c3        0x1 
 .bss.prevTick  0x00000000200004c4        0x4 CMakeFiles/STM32L010_CLion.elf.dir/Core/Src/main.c.obj
                0x00000000200004c4                prevTick
 .bss.speedRpm  0x00000000200004c8        0x2 CMakeFiles/STM32L010_CLion.elf.dir/Core/Src/main.c.obj
                0x00000000200004c8                speedRpm
 *fill*         0x00000000200004ca        0x2 
 .bss.spinStartTime
                0x00000000200004cc        0x4 CMakeFiles/STM32L010_CLion.elf.dir/Core/Src/main.c.obj
                0x00000000200004cc                spinStartTime
 .bss.uwTick    0x00000000200004d0        0x4 CMakeFiles/STM32L010_CLion.elf.dir/Drivers/STM32L0xx_HAL_Driver/Src/stm32l0xx_hal.c.obj
                0x00000000200004d0                uwTick
 .bss.__lock___atexit_recursive_mutex
                0x00000000200004d4        0x1 /usr/local/Caskroom/gcc-arm-embedded/10-2020-q4-major/gcc-arm-none-eabi-10-2020-q4-major/bin/../lib/gcc/arm-none-eabi/10.2.1/../../../../arm-none-eabi/lib/thumb/v6-m/nofp/libg.a(lib_a-lock.o)
                0x00000000200004d4                __lock___atexit_recursive_mutex
 *(COMMON)
                0x00000000200004d8                . = ALIGN (0x4)
 *fill*         0x00000000200004d5        0x3 
                0x00000000200004d8                _ebss = .
                0x00000000200004d8                __bss_end__ = _ebss

._user_heap_stack
                0x00000000200004d8      0x500 load address 0x00000000080031cc
                0x00000000200004d8                . = ALIGN (0x8)
                0x00000000200004d8                PROVIDE (end = .)
                [!provide]                        PROVIDE (_end = .)
                0x00000000200006d8                . = (. + _Min_Heap_Size)
 *fill*         0x00000000200004d8      0x200 
                0x00000000200009d8                . = (. + _Min_Stack_Size)
 *fill*         0x00000000200006d8      0x300 
                0x00000000200009d8                . = ALIGN (0x8)

/DISCARD/
 libc.a(*)
 libm.a(*)
 libgcc.a(*)

.ARM.attributes
                0x0000000000000000       0x28
 *(.ARM.attributes)
 .ARM.attributes
                0x0000000000000000       0x1e /usr/local/Caskroom/gcc-arm-embedded/10-2020-q4-major/gcc-arm-none-eabi-10-2020-q4-major/bin/../lib/gcc/arm-none-eabi/10.2.1/thumb/v6-m/nofp/crti.o
 .ARM.attributes
                0x000000000000001e       0x2c /usr/local/Caskroom/gcc-arm-embedded/10-2020-q4-major/gcc-arm-none-eabi-10-2020-q4-major/bin/../lib/gcc/arm-none-eabi/10.2.1/thumb/v6-m/nofp/crtbegin.o
 .ARM.attributes
                0x000000000000004a       0x2c CMakeFiles/STM32L010_CLion.elf.dir/Core/Src/main.c.obj
 .ARM.attributes
                0x0000000000000076       0x2c CMakeFiles/STM32L010_CLion.elf.dir/Core/Src/stm32l0xx_hal_msp.c.obj
 .ARM.attributes
                0x00000000000000a2       0x2c CMakeFiles/STM32L010_CLion.elf.dir/Core/Src/stm32l0xx_it.c.obj
 .ARM.attributes
                0x00000000000000ce       0x2c CMakeFiles/STM32L010_CLion.elf.dir/Core/Src/system_stm32l0xx.c.obj
 .ARM.attributes
                0x00000000000000fa       0x2c CMakeFiles/STM32L010_CLion.elf.dir/Drivers/STM32L0xx_HAL_Driver/Src/stm32l0xx_hal.c.obj
 .ARM.attributes
                0x0000000000000126       0x2c CMakeFiles/STM32L010_CLion.elf.dir/Drivers/STM32L0xx_HAL_Driver/Src/stm32l0xx_hal_adc.c.obj
 .ARM.attributes
                0x0000000000000152       0x2c CMakeFiles/STM32L010_CLion.elf.dir/Drivers/STM32L0xx_HAL_Driver/Src/stm32l0xx_hal_cortex.c.obj
 .ARM.attributes
                0x000000000000017e       0x2c CMakeFiles/STM32L010_CLion.elf.dir/Drivers/STM32L0xx_HAL_Driver/Src/stm32l0xx_hal_gpio.c.obj
 .ARM.attributes
                0x00000000000001aa       0x2c CMakeFiles/STM32L010_CLion.elf.dir/Drivers/STM32L0xx_HAL_Driver/Src/stm32l0xx_hal_rcc.c.obj
 .ARM.attributes
                0x00000000000001d6       0x22 CMakeFiles/STM32L010_CLion.elf.dir/startup/startup_stm32l010x8.s.obj
 .ARM.attributes
                0x00000000000001f8       0x1e /usr/local/Caskroom/gcc-arm-embedded/10-2020-q4-major/gcc-arm-none-eabi-10-2020-q4-major/bin/../lib/gcc/arm-none-eabi/10.2.1/thumb/v6-m/nofp/libgcc.a(_udivsi3.o)
 .ARM.attributes
                0x0000000000000216       0x1e /usr/local/Caskroom/gcc-arm-embedded/10-2020-q4-major/gcc-arm-none-eabi-10-2020-q4-major/bin/../lib/gcc/arm-none-eabi/10.2.1/thumb/v6-m/nofp/libgcc.a(_dvmd_tls.o)
 .ARM.attributes
                0x0000000000000234       0x1e /usr/local/Caskroom/gcc-arm-embedded/10-2020-q4-major/gcc-arm-none-eabi-10-2020-q4-major/bin/../lib/gcc/arm-none-eabi/10.2.1/thumb/v6-m/nofp/libgcc.a(_aeabi_uldivmod.o)
 .ARM.attributes
                0x0000000000000252       0x2c /usr/local/Caskroom/gcc-arm-embedded/10-2020-q4-major/gcc-arm-none-eabi-10-2020-q4-major/bin/../lib/gcc/arm-none-eabi/10.2.1/thumb/v6-m/nofp/libgcc.a(_muldi3.o)
 .ARM.attributes
                0x000000000000027e       0x2c /usr/local/Caskroom/gcc-arm-embedded/10-2020-q4-major/gcc-arm-none-eabi-10-2020-q4-major/bin/../lib/gcc/arm-none-eabi/10.2.1/thumb/v6-m/nofp/libgcc.a(_fixunsdfsi.o)
 .ARM.attributes
                0x00000000000002aa       0x2c /usr/local/Caskroom/gcc-arm-embedded/10-2020-q4-major/gcc-arm-none-eabi-10-2020-q4-major/bin/../lib/gcc/arm-none-eabi/10.2.1/thumb/v6-m/nofp/libgcc.a(_udivmoddi4.o)
 .ARM.attributes
                0x00000000000002d6       0x2c /usr/local/Caskroom/gcc-arm-embedded/10-2020-q4-major/gcc-arm-none-eabi-10-2020-q4-major/bin/../lib/gcc/arm-none-eabi/10.2.1/thumb/v6-m/nofp/libgcc.a(muldf3.o)
 .ARM.attributes
                0x0000000000000302       0x2c /usr/local/Caskroom/gcc-arm-embedded/10-2020-q4-major/gcc-arm-none-eabi-10-2020-q4-major/bin/../lib/gcc/arm-none-eabi/10.2.1/thumb/v6-m/nofp/libgcc.a(subdf3.o)
 .ARM.attributes
                0x000000000000032e       0x2c /usr/local/Caskroom/gcc-arm-embedded/10-2020-q4-major/gcc-arm-none-eabi-10-2020-q4-major/bin/../lib/gcc/arm-none-eabi/10.2.1/thumb/v6-m/nofp/libgcc.a(fixdfsi.o)
 .ARM.attributes
                0x000000000000035a       0x2c /usr/local/Caskroom/gcc-arm-embedded/10-2020-q4-major/gcc-arm-none-eabi-10-2020-q4-major/bin/../lib/gcc/arm-none-eabi/10.2.1/thumb/v6-m/nofp/libgcc.a(floatunsidf.o)
 .ARM.attributes
                0x0000000000000386       0x1e /usr/local/Caskroom/gcc-arm-embedded/10-2020-q4-major/gcc-arm-none-eabi-10-2020-q4-major/bin/../lib/gcc/arm-none-eabi/10.2.1/thumb/v6-m/nofp/libgcc.a(_arm_cmpdf2.o)
 .ARM.attributes
                0x00000000000003a4       0x1e /usr/local/Caskroom/gcc-arm-embedded/10-2020-q4-major/gcc-arm-none-eabi-10-2020-q4-major/bin/../lib/gcc/arm-none-eabi/10.2.1/thumb/v6-m/nofp/libgcc.a(_clzsi2.o)
 .ARM.attributes
                0x00000000000003c2       0x1e /usr/local/Caskroom/gcc-arm-embedded/10-2020-q4-major/gcc-arm-none-eabi-10-2020-q4-major/bin/../lib/gcc/arm-none-eabi/10.2.1/thumb/v6-m/nofp/libgcc.a(_clzdi2.o)
 .ARM.attributes
                0x00000000000003e0       0x2c /usr/local/Caskroom/gcc-arm-embedded/10-2020-q4-major/gcc-arm-none-eabi-10-2020-q4-major/bin/../lib/gcc/arm-none-eabi/10.2.1/thumb/v6-m/nofp/libgcc.a(eqdf2.o)
 .ARM.attributes
                0x000000000000040c       0x2c /usr/local/Caskroom/gcc-arm-embedded/10-2020-q4-major/gcc-arm-none-eabi-10-2020-q4-major/bin/../lib/gcc/arm-none-eabi/10.2.1/thumb/v6-m/nofp/libgcc.a(gedf2.o)
 .ARM.attributes
                0x0000000000000438       0x2c /usr/local/Caskroom/gcc-arm-embedded/10-2020-q4-major/gcc-arm-none-eabi-10-2020-q4-major/bin/../lib/gcc/arm-none-eabi/10.2.1/thumb/v6-m/nofp/libgcc.a(ledf2.o)
 .ARM.attributes
                0x0000000000000464       0x2c /usr/local/Caskroom/gcc-arm-embedded/10-2020-q4-major/gcc-arm-none-eabi-10-2020-q4-major/bin/../lib/gcc/arm-none-eabi/10.2.1/../../../../arm-none-eabi/lib/thumb/v6-m/nofp/libg.a(lib_a-impure.o)
 .ARM.attributes
                0x0000000000000490       0x2c /usr/local/Caskroom/gcc-arm-embedded/10-2020-q4-major/gcc-arm-none-eabi-10-2020-q4-major/bin/../lib/gcc/arm-none-eabi/10.2.1/../../../../arm-none-eabi/lib/thumb/v6-m/nofp/libg.a(lib_a-init.o)
 .ARM.attributes
                0x00000000000004bc       0x2c /usr/local/Caskroom/gcc-arm-embedded/10-2020-q4-major/gcc-arm-none-eabi-10-2020-q4-major/bin/../lib/gcc/arm-none-eabi/10.2.1/../../../../arm-none-eabi/lib/thumb/v6-m/nofp/libg.a(lib_a-memset.o)
 .ARM.attributes
                0x00000000000004e8       0x2c /usr/local/Caskroom/gcc-arm-embedded/10-2020-q4-major/gcc-arm-none-eabi-10-2020-q4-major/bin/../lib/gcc/arm-none-eabi/10.2.1/../../../../arm-none-eabi/lib/thumb/v6-m/nofp/libg.a(lib_a-__call_atexit.o)
 .ARM.attributes
                0x0000000000000514       0x2c /usr/local/Caskroom/gcc-arm-embedded/10-2020-q4-major/gcc-arm-none-eabi-10-2020-q4-major/bin/../lib/gcc/arm-none-eabi/10.2.1/../../../../arm-none-eabi/lib/thumb/v6-m/nofp/libg.a(lib_a-atexit.o)
 .ARM.attributes
                0x0000000000000540       0x2c /usr/local/Caskroom/gcc-arm-embedded/10-2020-q4-major/gcc-arm-none-eabi-10-2020-q4-major/bin/../lib/gcc/arm-none-eabi/10.2.1/../../../../arm-none-eabi/lib/thumb/v6-m/nofp/libg.a(lib_a-fini.o)
 .ARM.attributes
                0x000000000000056c       0x2c /usr/local/Caskroom/gcc-arm-embedded/10-2020-q4-major/gcc-arm-none-eabi-10-2020-q4-major/bin/../lib/gcc/arm-none-eabi/10.2.1/../../../../arm-none-eabi/lib/thumb/v6-m/nofp/libg.a(lib_a-lock.o)
 .ARM.attributes
                0x0000000000000598       0x2c /usr/local/Caskroom/gcc-arm-embedded/10-2020-q4-major/gcc-arm-none-eabi-10-2020-q4-major/bin/../lib/gcc/arm-none-eabi/10.2.1/../../../../arm-none-eabi/lib/thumb/v6-m/nofp/libg.a(lib_a-__atexit.o)
 .ARM.attributes
                0x00000000000005c4       0x1e /usr/local/Caskroom/gcc-arm-embedded/10-2020-q4-major/gcc-arm-none-eabi-10-2020-q4-major/bin/../lib/gcc/arm-none-eabi/10.2.1/thumb/v6-m/nofp/crtn.o
OUTPUT(STM32L010_CLion.elf elf32-littlearm)
LOAD linker stubs
LOAD /usr/local/Caskroom/gcc-arm-embedded/10-2020-q4-major/gcc-arm-none-eabi-10-2020-q4-major/bin/../lib/gcc/arm-none-eabi/10.2.1/../../../../arm-none-eabi/lib/thumb/v6-m/nofp/libc.a
LOAD /usr/local/Caskroom/gcc-arm-embedded/10-2020-q4-major/gcc-arm-none-eabi-10-2020-q4-major/bin/../lib/gcc/arm-none-eabi/10.2.1/../../../../arm-none-eabi/lib/thumb/v6-m/nofp/libm.a
LOAD /usr/local/Caskroom/gcc-arm-embedded/10-2020-q4-major/gcc-arm-none-eabi-10-2020-q4-major/bin/../lib/gcc/arm-none-eabi/10.2.1/thumb/v6-m/nofp/libgcc.a

.debug_info     0x0000000000000000     0x5774
 .debug_info    0x0000000000000000     0x15dc CMakeFiles/STM32L010_CLion.elf.dir/Core/Src/main.c.obj
 .debug_info    0x00000000000015dc      0x8da CMakeFiles/STM32L010_CLion.elf.dir/Core/Src/stm32l0xx_hal_msp.c.obj
 .debug_info    0x0000000000001eb6      0x132 CMakeFiles/STM32L010_CLion.elf.dir/Core/Src/stm32l0xx_it.c.obj
 .debug_info    0x0000000000001fe8      0x342 CMakeFiles/STM32L010_CLion.elf.dir/Core/Src/system_stm32l0xx.c.obj
 .debug_info    0x000000000000232a      0x8e0 CMakeFiles/STM32L010_CLion.elf.dir/Drivers/STM32L0xx_HAL_Driver/Src/stm32l0xx_hal.c.obj
 .debug_info    0x0000000000002c0a     0x101c CMakeFiles/STM32L010_CLion.elf.dir/Drivers/STM32L0xx_HAL_Driver/Src/stm32l0xx_hal_adc.c.obj
 .debug_info    0x0000000000003c26      0x80d CMakeFiles/STM32L010_CLion.elf.dir/Drivers/STM32L0xx_HAL_Driver/Src/stm32l0xx_hal_cortex.c.obj
 .debug_info    0x0000000000004433      0x6d2 CMakeFiles/STM32L010_CLion.elf.dir/Drivers/STM32L0xx_HAL_Driver/Src/stm32l0xx_hal_gpio.c.obj
 .debug_info    0x0000000000004b05      0xc4d CMakeFiles/STM32L010_CLion.elf.dir/Drivers/STM32L0xx_HAL_Driver/Src/stm32l0xx_hal_rcc.c.obj
 .debug_info    0x0000000000005752       0x22 CMakeFiles/STM32L010_CLion.elf.dir/startup/startup_stm32l010x8.s.obj

.debug_abbrev   0x0000000000000000     0x121f
 .debug_abbrev  0x0000000000000000      0x2db CMakeFiles/STM32L010_CLion.elf.dir/Core/Src/main.c.obj
 .debug_abbrev  0x00000000000002db      0x1cf CMakeFiles/STM32L010_CLion.elf.dir/Core/Src/stm32l0xx_hal_msp.c.obj
 .debug_abbrev  0x00000000000004aa       0xa2 CMakeFiles/STM32L010_CLion.elf.dir/Core/Src/stm32l0xx_it.c.obj
 .debug_abbrev  0x000000000000054c      0x131 CMakeFiles/STM32L010_CLion.elf.dir/Core/Src/system_stm32l0xx.c.obj
 .debug_abbrev  0x000000000000067d      0x27c CMakeFiles/STM32L010_CLion.elf.dir/Drivers/STM32L0xx_HAL_Driver/Src/stm32l0xx_hal.c.obj
 .debug_abbrev  0x00000000000008f9      0x240 CMakeFiles/STM32L010_CLion.elf.dir/Drivers/STM32L0xx_HAL_Driver/Src/stm32l0xx_hal_adc.c.obj
 .debug_abbrev  0x0000000000000b39      0x261 CMakeFiles/STM32L010_CLion.elf.dir/Drivers/STM32L0xx_HAL_Driver/Src/stm32l0xx_hal_cortex.c.obj
 .debug_abbrev  0x0000000000000d9a      0x1d5 CMakeFiles/STM32L010_CLion.elf.dir/Drivers/STM32L0xx_HAL_Driver/Src/stm32l0xx_hal_gpio.c.obj
 .debug_abbrev  0x0000000000000f6f      0x29e CMakeFiles/STM32L010_CLion.elf.dir/Drivers/STM32L0xx_HAL_Driver/Src/stm32l0xx_hal_rcc.c.obj
 .debug_abbrev  0x000000000000120d       0x12 CMakeFiles/STM32L010_CLion.elf.dir/startup/startup_stm32l010x8.s.obj

.debug_loc      0x0000000000000000     0x22cb
 .debug_loc     0x0000000000000000      0x254 CMakeFiles/STM32L010_CLion.elf.dir/Core/Src/main.c.obj
 .debug_loc     0x0000000000000254       0x81 CMakeFiles/STM32L010_CLion.elf.dir/Core/Src/stm32l0xx_hal_msp.c.obj
 .debug_loc     0x00000000000002d5      0x1ef CMakeFiles/STM32L010_CLion.elf.dir/Core/Src/system_stm32l0xx.c.obj
 .debug_loc     0x00000000000004c4      0x172 CMakeFiles/STM32L010_CLion.elf.dir/Drivers/STM32L0xx_HAL_Driver/Src/stm32l0xx_hal.c.obj
 .debug_loc     0x0000000000000636      0xd8a CMakeFiles/STM32L010_CLion.elf.dir/Drivers/STM32L0xx_HAL_Driver/Src/stm32l0xx_hal_adc.c.obj
 .debug_loc     0x00000000000013c0      0x433 CMakeFiles/STM32L010_CLion.elf.dir/Drivers/STM32L0xx_HAL_Driver/Src/stm32l0xx_hal_cortex.c.obj
 .debug_loc     0x00000000000017f3      0x3c0 CMakeFiles/STM32L010_CLion.elf.dir/Drivers/STM32L0xx_HAL_Driver/Src/stm32l0xx_hal_gpio.c.obj
 .debug_loc     0x0000000000001bb3      0x718 CMakeFiles/STM32L010_CLion.elf.dir/Drivers/STM32L0xx_HAL_Driver/Src/stm32l0xx_hal_rcc.c.obj

.debug_aranges  0x0000000000000000      0x480
 .debug_aranges
                0x0000000000000000       0x58 CMakeFiles/STM32L010_CLion.elf.dir/Core/Src/main.c.obj
 .debug_aranges
                0x0000000000000058       0x30 CMakeFiles/STM32L010_CLion.elf.dir/Core/Src/stm32l0xx_hal_msp.c.obj
 .debug_aranges
                0x0000000000000088       0x48 CMakeFiles/STM32L010_CLion.elf.dir/Core/Src/stm32l0xx_it.c.obj
 .debug_aranges
                0x00000000000000d0       0x28 CMakeFiles/STM32L010_CLion.elf.dir/Core/Src/system_stm32l0xx.c.obj
 .debug_aranges
                0x00000000000000f8      0x110 CMakeFiles/STM32L010_CLion.elf.dir/Drivers/STM32L0xx_HAL_Driver/Src/stm32l0xx_hal.c.obj
 .debug_aranges
                0x0000000000000208      0x100 CMakeFiles/STM32L010_CLion.elf.dir/Drivers/STM32L0xx_HAL_Driver/Src/stm32l0xx_hal_adc.c.obj
 .debug_aranges
                0x0000000000000308       0x78 CMakeFiles/STM32L010_CLion.elf.dir/Drivers/STM32L0xx_HAL_Driver/Src/stm32l0xx_hal_cortex.c.obj
 .debug_aranges
                0x0000000000000380       0x58 CMakeFiles/STM32L010_CLion.elf.dir/Drivers/STM32L0xx_HAL_Driver/Src/stm32l0xx_hal_gpio.c.obj
 .debug_aranges
                0x00000000000003d8       0x80 CMakeFiles/STM32L010_CLion.elf.dir/Drivers/STM32L0xx_HAL_Driver/Src/stm32l0xx_hal_rcc.c.obj
 .debug_aranges
                0x0000000000000458       0x28 CMakeFiles/STM32L010_CLion.elf.dir/startup/startup_stm32l010x8.s.obj

.debug_ranges   0x0000000000000000      0x4b0
 .debug_ranges  0x0000000000000000       0x80 CMakeFiles/STM32L010_CLion.elf.dir/Core/Src/main.c.obj
 .debug_ranges  0x0000000000000080       0x20 CMakeFiles/STM32L010_CLion.elf.dir/Core/Src/stm32l0xx_hal_msp.c.obj
 .debug_ranges  0x00000000000000a0       0x38 CMakeFiles/STM32L010_CLion.elf.dir/Core/Src/stm32l0xx_it.c.obj
 .debug_ranges  0x00000000000000d8       0x18 CMakeFiles/STM32L010_CLion.elf.dir/Core/Src/system_stm32l0xx.c.obj
 .debug_ranges  0x00000000000000f0      0x100 CMakeFiles/STM32L010_CLion.elf.dir/Drivers/STM32L0xx_HAL_Driver/Src/stm32l0xx_hal.c.obj
 .debug_ranges  0x00000000000001f0       0xf0 CMakeFiles/STM32L010_CLion.elf.dir/Drivers/STM32L0xx_HAL_Driver/Src/stm32l0xx_hal_adc.c.obj
 .debug_ranges  0x00000000000002e0       0xc8 CMakeFiles/STM32L010_CLion.elf.dir/Drivers/STM32L0xx_HAL_Driver/Src/stm32l0xx_hal_cortex.c.obj
 .debug_ranges  0x00000000000003a8       0x48 CMakeFiles/STM32L010_CLion.elf.dir/Drivers/STM32L0xx_HAL_Driver/Src/stm32l0xx_hal_gpio.c.obj
 .debug_ranges  0x00000000000003f0       0xa0 CMakeFiles/STM32L010_CLion.elf.dir/Drivers/STM32L0xx_HAL_Driver/Src/stm32l0xx_hal_rcc.c.obj
 .debug_ranges  0x0000000000000490       0x20 CMakeFiles/STM32L010_CLion.elf.dir/startup/startup_stm32l010x8.s.obj

.debug_line     0x0000000000000000     0x482c
 .debug_line    0x0000000000000000      0x911 CMakeFiles/STM32L010_CLion.elf.dir/Core/Src/main.c.obj
 .debug_line    0x0000000000000911      0x3c6 CMakeFiles/STM32L010_CLion.elf.dir/Core/Src/stm32l0xx_hal_msp.c.obj
 .debug_line    0x0000000000000cd7      0x1db CMakeFiles/STM32L010_CLion.elf.dir/Core/Src/stm32l0xx_it.c.obj
 .debug_line    0x0000000000000eb2      0x35b CMakeFiles/STM32L010_CLion.elf.dir/Core/Src/system_stm32l0xx.c.obj
 .debug_line    0x000000000000120d      0x7ac CMakeFiles/STM32L010_CLion.elf.dir/Drivers/STM32L0xx_HAL_Driver/Src/stm32l0xx_hal.c.obj
 .debug_line    0x00000000000019b9     0x10fe CMakeFiles/STM32L010_CLion.elf.dir/Drivers/STM32L0xx_HAL_Driver/Src/stm32l0xx_hal_adc.c.obj
 .debug_line    0x0000000000002ab7      0x65f CMakeFiles/STM32L010_CLion.elf.dir/Drivers/STM32L0xx_HAL_Driver/Src/stm32l0xx_hal_cortex.c.obj
 .debug_line    0x0000000000003116      0x7ad CMakeFiles/STM32L010_CLion.elf.dir/Drivers/STM32L0xx_HAL_Driver/Src/stm32l0xx_hal_gpio.c.obj
 .debug_line    0x00000000000038c3      0xe7e CMakeFiles/STM32L010_CLion.elf.dir/Drivers/STM32L0xx_HAL_Driver/Src/stm32l0xx_hal_rcc.c.obj
 .debug_line    0x0000000000004741       0xeb CMakeFiles/STM32L010_CLion.elf.dir/startup/startup_stm32l010x8.s.obj

.debug_str      0x0000000000000000     0x1cab
 .debug_str     0x0000000000000000      0xbbf CMakeFiles/STM32L010_CLion.elf.dir/Core/Src/main.c.obj
                                        0xc6b (size before relaxing)
 .debug_str     0x0000000000000bbf       0xb5 CMakeFiles/STM32L010_CLion.elf.dir/Core/Src/stm32l0xx_hal_msp.c.obj
                                        0x7a9 (size before relaxing)
 .debug_str     0x0000000000000c74       0xf4 CMakeFiles/STM32L010_CLion.elf.dir/Core/Src/stm32l0xx_it.c.obj
                                        0x2bb (size before relaxing)
 .debug_str     0x0000000000000d68       0xf0 CMakeFiles/STM32L010_CLion.elf.dir/Core/Src/system_stm32l0xx.c.obj
                                        0x383 (size before relaxing)
 .debug_str     0x0000000000000e58      0x458 CMakeFiles/STM32L010_CLion.elf.dir/Drivers/STM32L0xx_HAL_Driver/Src/stm32l0xx_hal.c.obj
                                        0x8a6 (size before relaxing)
 .debug_str     0x00000000000012b0      0x370 CMakeFiles/STM32L010_CLion.elf.dir/Drivers/STM32L0xx_HAL_Driver/Src/stm32l0xx_hal_adc.c.obj
                                        0xa2a (size before relaxing)
 .debug_str     0x0000000000001620      0x2b6 CMakeFiles/STM32L010_CLion.elf.dir/Drivers/STM32L0xx_HAL_Driver/Src/stm32l0xx_hal_cortex.c.obj
                                        0x655 (size before relaxing)
 .debug_str     0x00000000000018d6      0x118 CMakeFiles/STM32L010_CLion.elf.dir/Drivers/STM32L0xx_HAL_Driver/Src/stm32l0xx_hal_gpio.c.obj
                                        0x503 (size before relaxing)
 .debug_str     0x00000000000019ee      0x237 CMakeFiles/STM32L010_CLion.elf.dir/Drivers/STM32L0xx_HAL_Driver/Src/stm32l0xx_hal_rcc.c.obj
                                        0x7a3 (size before relaxing)
 .debug_str     0x0000000000001c25       0x86 CMakeFiles/STM32L010_CLion.elf.dir/startup/startup_stm32l010x8.s.obj
                                         0xf8 (size before relaxing)

.comment        0x0000000000000000       0x4d
 .comment       0x0000000000000000       0x4d CMakeFiles/STM32L010_CLion.elf.dir/Core/Src/main.c.obj
                                         0x4e (size before relaxing)
 .comment       0x000000000000004d       0x4e CMakeFiles/STM32L010_CLion.elf.dir/Core/Src/stm32l0xx_hal_msp.c.obj
 .comment       0x000000000000004d       0x4e CMakeFiles/STM32L010_CLion.elf.dir/Core/Src/stm32l0xx_it.c.obj
 .comment       0x000000000000004d       0x4e CMakeFiles/STM32L010_CLion.elf.dir/Core/Src/system_stm32l0xx.c.obj
 .comment       0x000000000000004d       0x4e CMakeFiles/STM32L010_CLion.elf.dir/Drivers/STM32L0xx_HAL_Driver/Src/stm32l0xx_hal.c.obj
 .comment       0x000000000000004d       0x4e CMakeFiles/STM32L010_CLion.elf.dir/Drivers/STM32L0xx_HAL_Driver/Src/stm32l0xx_hal_adc.c.obj
 .comment       0x000000000000004d       0x4e CMakeFiles/STM32L010_CLion.elf.dir/Drivers/STM32L0xx_HAL_Driver/Src/stm32l0xx_hal_cortex.c.obj
 .comment       0x000000000000004d       0x4e CMakeFiles/STM32L010_CLion.elf.dir/Drivers/STM32L0xx_HAL_Driver/Src/stm32l0xx_hal_gpio.c.obj
 .comment       0x000000000000004d       0x4e CMakeFiles/STM32L010_CLion.elf.dir/Drivers/STM32L0xx_HAL_Driver/Src/stm32l0xx_hal_rcc.c.obj

.debug_frame    0x0000000000000000      0xdd4
 .debug_frame   0x0000000000000000       0xe4 CMakeFiles/STM32L010_CLion.elf.dir/Core/Src/main.c.obj
 .debug_frame   0x00000000000000e4       0x54 CMakeFiles/STM32L010_CLion.elf.dir/Core/Src/stm32l0xx_hal_msp.c.obj
 .debug_frame   0x0000000000000138       0x80 CMakeFiles/STM32L010_CLion.elf.dir/Core/Src/stm32l0xx_it.c.obj
 .debug_frame   0x00000000000001b8       0x38 CMakeFiles/STM32L010_CLion.elf.dir/Core/Src/system_stm32l0xx.c.obj
 .debug_frame   0x00000000000001f0      0x22c CMakeFiles/STM32L010_CLion.elf.dir/Drivers/STM32L0xx_HAL_Driver/Src/stm32l0xx_hal.c.obj
 .debug_frame   0x000000000000041c      0x2b8 CMakeFiles/STM32L010_CLion.elf.dir/Drivers/STM32L0xx_HAL_Driver/Src/stm32l0xx_hal_adc.c.obj
 .debug_frame   0x00000000000006d4       0xe4 CMakeFiles/STM32L010_CLion.elf.dir/Drivers/STM32L0xx_HAL_Driver/Src/stm32l0xx_hal_cortex.c.obj
 .debug_frame   0x00000000000007b8       0xc0 CMakeFiles/STM32L010_CLion.elf.dir/Drivers/STM32L0xx_HAL_Driver/Src/stm32l0xx_hal_gpio.c.obj
 .debug_frame   0x0000000000000878      0x144 CMakeFiles/STM32L010_CLion.elf.dir/Drivers/STM32L0xx_HAL_Driver/Src/stm32l0xx_hal_rcc.c.obj
 .debug_frame   0x00000000000009bc       0x20 /usr/local/Caskroom/gcc-arm-embedded/10-2020-q4-major/gcc-arm-none-eabi-10-2020-q4-major/bin/../lib/gcc/arm-none-eabi/10.2.1/thumb/v6-m/nofp/libgcc.a(_udivsi3.o)
 .debug_frame   0x00000000000009dc       0x34 /usr/local/Caskroom/gcc-arm-embedded/10-2020-q4-major/gcc-arm-none-eabi-10-2020-q4-major/bin/../lib/gcc/arm-none-eabi/10.2.1/thumb/v6-m/nofp/libgcc.a(_muldi3.o)
 .debug_frame   0x0000000000000a10       0x2c /usr/local/Caskroom/gcc-arm-embedded/10-2020-q4-major/gcc-arm-none-eabi-10-2020-q4-major/bin/../lib/gcc/arm-none-eabi/10.2.1/thumb/v6-m/nofp/libgcc.a(_fixunsdfsi.o)
 .debug_frame   0x0000000000000a3c       0x3c /usr/local/Caskroom/gcc-arm-embedded/10-2020-q4-major/gcc-arm-none-eabi-10-2020-q4-major/bin/../lib/gcc/arm-none-eabi/10.2.1/thumb/v6-m/nofp/libgcc.a(_udivmoddi4.o)
 .debug_frame   0x0000000000000a78       0x3c /usr/local/Caskroom/gcc-arm-embedded/10-2020-q4-major/gcc-arm-none-eabi-10-2020-q4-major/bin/../lib/gcc/arm-none-eabi/10.2.1/thumb/v6-m/nofp/libgcc.a(muldf3.o)
 .debug_frame   0x0000000000000ab4       0x3c /usr/local/Caskroom/gcc-arm-embedded/10-2020-q4-major/gcc-arm-none-eabi-10-2020-q4-major/bin/../lib/gcc/arm-none-eabi/10.2.1/thumb/v6-m/nofp/libgcc.a(subdf3.o)
 .debug_frame   0x0000000000000af0       0x2c /usr/local/Caskroom/gcc-arm-embedded/10-2020-q4-major/gcc-arm-none-eabi-10-2020-q4-major/bin/../lib/gcc/arm-none-eabi/10.2.1/thumb/v6-m/nofp/libgcc.a(fixdfsi.o)
 .debug_frame   0x0000000000000b1c       0x28 /usr/local/Caskroom/gcc-arm-embedded/10-2020-q4-major/gcc-arm-none-eabi-10-2020-q4-major/bin/../lib/gcc/arm-none-eabi/10.2.1/thumb/v6-m/nofp/libgcc.a(floatunsidf.o)
 .debug_frame   0x0000000000000b44       0x38 /usr/local/Caskroom/gcc-arm-embedded/10-2020-q4-major/gcc-arm-none-eabi-10-2020-q4-major/bin/../lib/gcc/arm-none-eabi/10.2.1/thumb/v6-m/nofp/libgcc.a(eqdf2.o)
 .debug_frame   0x0000000000000b7c       0x34 /usr/local/Caskroom/gcc-arm-embedded/10-2020-q4-major/gcc-arm-none-eabi-10-2020-q4-major/bin/../lib/gcc/arm-none-eabi/10.2.1/thumb/v6-m/nofp/libgcc.a(gedf2.o)
 .debug_frame   0x0000000000000bb0       0x34 /usr/local/Caskroom/gcc-arm-embedded/10-2020-q4-major/gcc-arm-none-eabi-10-2020-q4-major/bin/../lib/gcc/arm-none-eabi/10.2.1/thumb/v6-m/nofp/libgcc.a(ledf2.o)
 .debug_frame   0x0000000000000be4       0x2c /usr/local/Caskroom/gcc-arm-embedded/10-2020-q4-major/gcc-arm-none-eabi-10-2020-q4-major/bin/../lib/gcc/arm-none-eabi/10.2.1/../../../../arm-none-eabi/lib/thumb/v6-m/nofp/libg.a(lib_a-init.o)
 .debug_frame   0x0000000000000c10       0x30 /usr/local/Caskroom/gcc-arm-embedded/10-2020-q4-major/gcc-arm-none-eabi-10-2020-q4-major/bin/../lib/gcc/arm-none-eabi/10.2.1/../../../../arm-none-eabi/lib/thumb/v6-m/nofp/libg.a(lib_a-memset.o)
 .debug_frame   0x0000000000000c40       0x54 /usr/local/Caskroom/gcc-arm-embedded/10-2020-q4-major/gcc-arm-none-eabi-10-2020-q4-major/bin/../lib/gcc/arm-none-eabi/10.2.1/../../../../arm-none-eabi/lib/thumb/v6-m/nofp/libg.a(lib_a-__call_atexit.o)
 .debug_frame   0x0000000000000c94       0x28 /usr/local/Caskroom/gcc-arm-embedded/10-2020-q4-major/gcc-arm-none-eabi-10-2020-q4-major/bin/../lib/gcc/arm-none-eabi/10.2.1/../../../../arm-none-eabi/lib/thumb/v6-m/nofp/libg.a(lib_a-atexit.o)
 .debug_frame   0x0000000000000cbc       0x2c /usr/local/Caskroom/gcc-arm-embedded/10-2020-q4-major/gcc-arm-none-eabi-10-2020-q4-major/bin/../lib/gcc/arm-none-eabi/10.2.1/../../../../arm-none-eabi/lib/thumb/v6-m/nofp/libg.a(lib_a-fini.o)
 .debug_frame   0x0000000000000ce8       0xb0 /usr/local/Caskroom/gcc-arm-embedded/10-2020-q4-major/gcc-arm-none-eabi-10-2020-q4-major/bin/../lib/gcc/arm-none-eabi/10.2.1/../../../../arm-none-eabi/lib/thumb/v6-m/nofp/libg.a(lib_a-lock.o)
 .debug_frame   0x0000000000000d98       0x3c /usr/local/Caskroom/gcc-arm-embedded/10-2020-q4-major/gcc-arm-none-eabi-10-2020-q4-major/bin/../lib/gcc/arm-none-eabi/10.2.1/../../../../arm-none-eabi/lib/thumb/v6-m/nofp/libg.a(lib_a-__atexit.o)
